Archive member included to satisfy reference by file (symbol)

/opt/Quartus/20.1/nios2eds/bin/gnu/H-x86_64-pc-linux-gnu/bin/../lib/gcc/nios2-elf/10.1.1/../../../../../H-x86_64-pc-linux-gnu/nios2-elf/lib/libsmallc.a(lib_a-sprintf.o)
                              obj/default/projeto_final.o (sprintf)
/opt/Quartus/20.1/nios2eds/bin/gnu/H-x86_64-pc-linux-gnu/bin/../lib/gcc/nios2-elf/10.1.1/../../../../../H-x86_64-pc-linux-gnu/nios2-elf/lib/libsmallc.a(lib_a-strlen.o)
                              obj/default/projeto_final.o (strlen)
/opt/Quartus/20.1/nios2eds/bin/gnu/H-x86_64-pc-linux-gnu/bin/../lib/gcc/nios2-elf/10.1.1/../../../../../H-x86_64-pc-linux-gnu/nios2-elf/lib/libsmallc.a(lib_a-svfprintf.o)
                              /opt/Quartus/20.1/nios2eds/bin/gnu/H-x86_64-pc-linux-gnu/bin/../lib/gcc/nios2-elf/10.1.1/../../../../../H-x86_64-pc-linux-gnu/nios2-elf/lib/libsmallc.a(lib_a-sprintf.o) (___svfprintf_internal_r)
/opt/Quartus/20.1/nios2eds/bin/gnu/H-x86_64-pc-linux-gnu/bin/../lib/gcc/nios2-elf/10.1.1/../../../../../H-x86_64-pc-linux-gnu/nios2-elf/lib/libsmallc.a(lib_a-fvwrite_small_str.o)
                              /opt/Quartus/20.1/nios2eds/bin/gnu/H-x86_64-pc-linux-gnu/bin/../lib/gcc/nios2-elf/10.1.1/../../../../../H-x86_64-pc-linux-gnu/nios2-elf/lib/libsmallc.a(lib_a-sprintf.o) (__sfvwrite_small_str)
/opt/Quartus/20.1/nios2eds/bin/gnu/H-x86_64-pc-linux-gnu/bin/../lib/gcc/nios2-elf/10.1.1/../../../../../H-x86_64-pc-linux-gnu/nios2-elf/lib/libsmallc.a(lib_a-impure.o)
                              /opt/Quartus/20.1/nios2eds/bin/gnu/H-x86_64-pc-linux-gnu/bin/../lib/gcc/nios2-elf/10.1.1/../../../../../H-x86_64-pc-linux-gnu/nios2-elf/lib/libsmallc.a(lib_a-sprintf.o) (_impure_ptr)
/opt/Quartus/20.1/nios2eds/bin/gnu/H-x86_64-pc-linux-gnu/bin/../lib/gcc/nios2-elf/10.1.1/../../../../../H-x86_64-pc-linux-gnu/nios2-elf/lib/libsmallc.a(lib_a-memmove.o)
                              /opt/Quartus/20.1/nios2eds/bin/gnu/H-x86_64-pc-linux-gnu/bin/../lib/gcc/nios2-elf/10.1.1/../../../../../H-x86_64-pc-linux-gnu/nios2-elf/lib/libsmallc.a(lib_a-fvwrite_small_str.o) (memmove)
/opt/Quartus/20.1/nios2eds/bin/gnu/H-x86_64-pc-linux-gnu/bin/../lib/gcc/nios2-elf/10.1.1/libgcc.a(lib2-divmod.o)
                              /opt/Quartus/20.1/nios2eds/bin/gnu/H-x86_64-pc-linux-gnu/bin/../lib/gcc/nios2-elf/10.1.1/../../../../../H-x86_64-pc-linux-gnu/nios2-elf/lib/libsmallc.a(lib_a-svfprintf.o) (__udivsi3)
../projeto_final_bsp//libhal_bsp.a(alt_load.o)
                              ../projeto_final_bsp//obj/HAL/src/crt0.o (alt_load)
../projeto_final_bsp//libhal_bsp.a(alt_main.o)
                              ../projeto_final_bsp//obj/HAL/src/crt0.o (alt_main)
../projeto_final_bsp//libhal_bsp.a(alt_printf.o)
                              obj/default/projeto_final.o (alt_printf)
../projeto_final_bsp//libhal_bsp.a(alt_putchar.o)
                              ../projeto_final_bsp//libhal_bsp.a(alt_printf.o) (alt_putchar)
../projeto_final_bsp//libhal_bsp.a(alt_usleep.o)
                              obj/default/projeto_final.o (usleep)
../projeto_final_bsp//libhal_bsp.a(alt_sys_init.o)
                              ../projeto_final_bsp//libhal_bsp.a(alt_main.o) (alt_irq_init)
../projeto_final_bsp//libhal_bsp.a(altera_avalon_jtag_uart_fd.o)
                              ../projeto_final_bsp//libhal_bsp.a(alt_sys_init.o) (altera_avalon_jtag_uart_read_fd)
../projeto_final_bsp//libhal_bsp.a(altera_avalon_jtag_uart_read.o)
                              ../projeto_final_bsp//libhal_bsp.a(altera_avalon_jtag_uart_fd.o) (altera_avalon_jtag_uart_read)
../projeto_final_bsp//libhal_bsp.a(altera_avalon_jtag_uart_write.o)
                              ../projeto_final_bsp//libhal_bsp.a(altera_avalon_jtag_uart_fd.o) (altera_avalon_jtag_uart_write)
../projeto_final_bsp//libhal_bsp.a(altera_avalon_timer_sc.o)
                              ../projeto_final_bsp//libhal_bsp.a(alt_sys_init.o) (alt_avalon_timer_sc_init)
../projeto_final_bsp//libhal_bsp.a(altera_up_avalon_character_lcd.o)
                              ../projeto_final_bsp//libhal_bsp.a(alt_sys_init.o) (alt_up_character_lcd_init)
../projeto_final_bsp//libhal_bsp.a(alt_busy_sleep.o)
                              ../projeto_final_bsp//libhal_bsp.a(alt_usleep.o) (alt_busy_sleep)
../projeto_final_bsp//libhal_bsp.a(alt_close.o)
                              ../projeto_final_bsp//libhal_bsp.a(alt_main.o) (close)
../projeto_final_bsp//libhal_bsp.a(alt_dcache_flush_all.o)
                              ../projeto_final_bsp//libhal_bsp.a(alt_load.o) (alt_dcache_flush_all)
../projeto_final_bsp//libhal_bsp.a(alt_dev.o)
                              ../projeto_final_bsp//libhal_bsp.a(alt_sys_init.o) (alt_dev_list)
../projeto_final_bsp//libhal_bsp.a(alt_dev_llist_insert.o)
                              ../projeto_final_bsp//libhal_bsp.a(alt_sys_init.o) (alt_dev_llist_insert)
../projeto_final_bsp//libhal_bsp.a(alt_errno.o)
[...]
Memory Configuration

Name             Origin             Length             Attributes
reset            0x0000000000010000 0x0000000000000020
onchip_mem       0x0000000000010020 0x0000000000009fe0
*default*        0x0000000000000000 0xffffffffffffffff

Linker script and memory map

LOAD ../projeto_final_bsp//obj/HAL/src/crt0.o
LOAD obj/default/projeto_final.o
LOAD /opt/Quartus/20.1/nios2eds/bin/gnu/H-x86_64-pc-linux-gnu/bin/../lib/gcc/nios2-elf/10.1.1/../../../../../H-x86_64-pc-linux-gnu/nios2-elf/lib/libstdc++.a
LOAD /opt/Quartus/20.1/nios2eds/bin/gnu/H-x86_64-pc-linux-gnu/bin/../lib/gcc/nios2-elf/10.1.1/../../../../../H-x86_64-pc-linux-gnu/nios2-elf/lib/libm.a
LOAD /opt/Quartus/20.1/nios2eds/bin/gnu/H-x86_64-pc-linux-gnu/bin/../lib/gcc/nios2-elf/10.1.1/libgcc.a
START GROUP
LOAD /opt/Quartus/20.1/nios2eds/bin/gnu/H-x86_64-pc-linux-gnu/bin/../lib/gcc/nios2-elf/10.1.1/../../../../../H-x86_64-pc-linux-gnu/nios2-elf/lib/libsmallc.a
LOAD /opt/Quartus/20.1/nios2eds/bin/gnu/H-x86_64-pc-linux-gnu/bin/../lib/gcc/nios2-elf/10.1.1/libgcc.a
LOAD ../projeto_final_bsp//libhal_bsp.a
LOAD /opt/Quartus/20.1/nios2eds/bin/gnu/H-x86_64-pc-linux-gnu/bin/../lib/gcc/nios2-elf/10.1.1/../../../../../H-x86_64-pc-linux-gnu/nios2-elf/lib/libm.a
END GROUP
LOAD /opt/Quartus/20.1/nios2eds/bin/gnu/H-x86_64-pc-linux-gnu/bin/../lib/gcc/nios2-elf/10.1.1/libgcc.a
                0x0000000000010000                __alt_mem_onchip_mem = 0x10000

.entry          0x0000000000010000       0x20
 *(.entry)
 .entry         0x0000000000010000       0x20 ../projeto_final_bsp//obj/HAL/src/crt0.o
                0x0000000000010000                __reset

.exceptions     0x0000000000010020      0x218
                0x0000000000010020                PROVIDE (__ram_exceptions_start = ABSOLUTE (.))
                0x0000000000010020                . = ALIGN (0x20)
 *(.irq)
 *(.exceptions.entry.label)
 .exceptions.entry.label
                0x0000000000010020        0x0 ../projeto_final_bsp//libhal_bsp.a(alt_irq_entry.o)
                0x0000000000010020                alt_irq_entry
 .exceptions.entry.label
                0x0000000000010020        0x0 ../projeto_final_bsp//libhal_bsp.a(alt_exception_entry.o)
                0x0000000000010020                alt_exception
 *(.exceptions.entry.user)
 *(.exceptions.entry.ecc_fatal)
 *(.exceptions.entry)
 .exceptions.entry
                0x0000000000010020       0x54 ../projeto_final_bsp//libhal_bsp.a(alt_exception_entry.o)
 *(.exceptions.irqtest.user)
 *(.exceptions.irqtest)
 .exceptions.irqtest
                0x0000000000010074       0x10 ../projeto_final_bsp//libhal_bsp.a(alt_irq_entry.o)
 *(.exceptions.irqhandler.user)
 *(.exceptions.irqhandler)
 .exceptions.irqhandler
                0x0000000000010084        0x4 ../projeto_final_bsp//libhal_bsp.a(alt_irq_entry.o)
 *(.exceptions.irqreturn.user)
 *(.exceptions.irqreturn)
 .exceptions.irqreturn
                0x0000000000010088        0x4 ../projeto_final_bsp//libhal_bsp.a(alt_irq_entry.o)
 *(.exceptions.notirq.label)
 .exceptions.notirq.label
                0x000000000001008c        0x0 ../projeto_final_bsp//libhal_bsp.a(alt_irq_entry.o)
 *(.exceptions.notirq.user)
 *(.exceptions.notirq)
 .exceptions.notirq
                0x000000000001008c        0x8 ../projeto_final_bsp//libhal_bsp.a(alt_exception_entry.o)
 *(.exceptions.soft.user)
 *(.exceptions.soft)
 *(.exceptions.unknown.user)
 *(.exceptions.unknown)
 .exceptions.unknown
                0x0000000000010094       0x14 ../projeto_final_bsp//libhal_bsp.a(alt_exception_entry.o)
 *(.exceptions.exit.label)
 .exceptions.exit.label
                0x00000000000100a8        0x0 ../projeto_final_bsp//libhal_bsp.a(alt_irq_entry.o)
 .exceptions.exit.label
                0x00000000000100a8        0x0 ../projeto_final_bsp//libhal_bsp.a(alt_exception_entry.o)
 *(.exceptions.exit.user)
 *(.exceptions.exit)
 .exceptions.exit
                0x00000000000100a8       0x54 ../projeto_final_bsp//libhal_bsp.a(alt_exception_entry.o)
 *(.exceptions)
 .exceptions    0x00000000000100fc       0xc8 ../projeto_final_bsp//libhal_bsp.a(alt_irq_handler.o)
                0x00000000000100fc                alt_irq_handler
 .exceptions    0x00000000000101c4       0x74 ../projeto_final_bsp//libhal_bsp.a(alt_instruction_exception_entry.o)
                0x00000000000101c4                alt_instruction_exception_entry
                0x0000000000010238                PROVIDE (__ram_exceptions_end = ABSOLUTE (.))
                0x0000000000010020                PROVIDE (__flash_exceptions_start = LOADADDR (.exceptions))

.text           0x0000000000010238     0x332c
                [!provide]                        PROVIDE (stext = ABSOLUTE (.))
 *(.interp)
 *(.hash)
 *(.dynsym)
 *(.dynstr)
 *(.gnu.version)
 *(.gnu.version_d)
 *(.gnu.version_r)
 *(.rel.init)
 *(.rela.init)
 *(.rel.text .rel.text.* .rel.gnu.linkonce.t.*)
 *(.rela.text .rela.text.* .rela.gnu.linkonce.t.*)
 *(.rel.fini)
 *(.rela.fini)
 *(.rel.rodata .rel.rodata.* .rel.gnu.linkonce.r.*)
 *(.rela.rodata .rela.rodata.* .rela.gnu.linkonce.r.*)
 *(.rel.data .rel.data.* .rel.gnu.linkonce.d.*)
 *(.rela.data .rela.data.* .rela.gnu.linkonce.d.*)
 *(.rel.tdata .rel.tdata.* .rel.gnu.linkonce.td.*)
 *(.rela.tdata .rela.tdata.* .rela.gnu.linkonce.td.*)
 *(.rel.tbss .rel.tbss.* .rel.gnu.linkonce.tb.*)
 *(.rela.tbss .rela.tbss.* .rela.gnu.linkonce.tb.*)
 *(.rel.ctors)
 *(.rela.ctors)
 *(.rel.dtors)
 *(.rela.dtors)
 *(.rel.got)
 *(.rela.got)
 *(.rel.sdata .rel.sdata.* .rel.gnu.linkonce.s.*)
 *(.rela.sdata .rela.sdata.* .rela.gnu.linkonce.s.*)
 *(.rel.sbss .rel.sbss.* .rel.gnu.linkonce.sb.*)
 *(.rela.sbss .rela.sbss.* .rela.gnu.linkonce.sb.*)
 *(.rel.sdata2 .rel.sdata2.* .rel.gnu.linkonce.s2.*)
 *(.rela.sdata2 .rela.sdata2.* .rela.gnu.linkonce.s2.*)
 *(.rel.sbss2 .rel.sbss2.* .rel.gnu.linkonce.sb2.*)
 *(.rela.sbss2 .rela.sbss2.* .rela.gnu.linkonce.sb2.*)
 *(.rel.bss .rel.bss.* .rel.gnu.linkonce.b.*)
 *(.rela.bss .rela.bss.* .rela.gnu.linkonce.b.*)
 *(.rel.plt)
 *(.rela.plt)
 *(.rel.dyn)
 *(.init)
 *(.plt)
 *(.text .stub .text.* .gnu.linkonce.t.*)
 .text          0x0000000000010238       0x4c ../projeto_final_bsp//obj/HAL/src/crt0.o
                0x0000000000010238                _start
 .text          0x0000000000010284      0x8b4 obj/default/projeto_final.o
                0x0000000000010284                calcula
                0x0000000000010324                limpa_lcd
                0x00000000000103b8                limpa_linha
                0x0000000000010420                limpa_linha_atual
                0x0000000000010474                ler_operando
                0x00000000000104a4                ler_operacao
                0x00000000000104e0                ler_enter
                0x0000000000010524                traduz_operador
                0x00000000000105e0                traduz_operador_extenso
                0x000000000001069c                main
 .text          0x0000000000010b38        0x0 /opt/Quartus/20.1/nios2eds/bin/gnu/H-x86_64-pc-linux-gnu/bin/../lib/gcc/nios2-elf/10.1.1/../../../../../H-x86_64-pc-linux-gnu/nios2-elf/lib/libsmallc.a(lib_a-sprintf.o)
 .text._sprintf_r
                0x0000000000010b38       0x60 /opt/Quartus/20.1/nios2eds/bin/gnu/H-x86_64-pc-linux-gnu/bin/../lib/gcc/nios2-elf/10.1.1/../../../../../H-x86_64-pc-linux-gnu/nios2-elf/lib/libsmallc.a(lib_a-sprintf.o)
                0x0000000000010b38                _sprintf_r
 .text.sprintf  0x0000000000010b98       0x70 /opt/Quartus/20.1/nios2eds/bin/gnu/H-x86_64-pc-linux-gnu/bin/../lib/gcc/nios2-elf/10.1.1/../../../../../H-x86_64-pc-linux-gnu/nios2-elf/lib/libsmallc.a(lib_a-sprintf.o)
                0x0000000000010b98                sprintf
 .text          0x0000000000010c08        0x0 /opt/Quartus/20.1/nios2eds/bin/gnu/H-x86_64-pc-linux-gnu/bin/../lib/gcc/nios2-elf/10.1.1/../../../../../H-x86_64-pc-linux-gnu/nios2-elf/lib/libsmallc.a(lib_a-strlen.o)
 .text.strlen   0x0000000000010c08       0x1c /opt/Quartus/20.1/nios2eds/bin/gnu/H-x86_64-pc-linux-gnu/bin/../lib/gcc/nios2-elf/10.1.1/../../../../../H-x86_64-pc-linux-gnu/nios2-elf/lib/libsmallc.a(lib_a-strlen.o)
                0x0000000000010c08                strlen
 .text          0x0000000000010c24        0x0 /opt/Quartus/20.1/nios2eds/bin/gnu/H-x86_64-pc-linux-gnu/bin/../lib/gcc/nios2-elf/10.1.1/../../../../../H-x86_64-pc-linux-gnu/nios2-elf/lib/libsmallc.a(lib_a-svfprintf.o)
 .text.print_repeat
                0x0000000000010c24       0x6c /opt/Quartus/20.1/nios2eds/bin/gnu/H-x86_64-pc-linux-gnu/bin/../lib/gcc/nios2-elf/10.1.1/../../../../../H-x86_64-pc-linux-gnu/nios2-elf/lib/libsmallc.a(lib_a-svfprintf.o)
 .text.___svfprintf_internal_r
                0x0000000000010c90      0x4ec /opt/Quartus/20.1/nios2eds/bin/gnu/H-x86_64-pc-linux-gnu/bin/../lib/gcc/nios2-elf/10.1.1/../../../../../H-x86_64-pc-linux-gnu/nios2-elf/lib/libsmallc.a(lib_a-svfprintf.o)
                0x0000000000010c90                ___svfprintf_internal_r
 .text.__vfprintf_internal_unused
                0x000000000001117c       0x18 /opt/Quartus/20.1/nios2eds/bin/gnu/H-x86_64-pc-linux-gnu/bin/../lib/gcc/nios2-elf/10.1.1/../../../../../H-x86_64-pc-linux-gnu/nios2-elf/lib/libsmallc.a(lib_a-svfprintf.o)
                0x000000000001117c                __vfprintf_internal_unused
 .text          0x0000000000011194        0x0 /opt/Quartus/20.1/nios2eds/bin/gnu/H-x86_64-pc-linux-gnu/bin/../lib/gcc/nios2-elf/10.1.1/../../../../../H-x86_64-pc-linux-gnu/nios2-elf/lib/libsmallc.a(lib_a-fvwrite_small_str.o)
 .text.__sfvwrite_small_str
                0x0000000000011194       0x98 /opt/Quartus/20.1/nios2eds/bin/gnu/H-x86_64-pc-linux-gnu/bin/../lib/gcc/nios2-elf/10.1.1/../../../../../H-x86_64-pc-linux-gnu/nios2-elf/lib/libsmallc.a(lib_a-fvwrite_small_str.o)
                0x0000000000011194                __sfvwrite_small_str
 .text          0x000000000001122c        0x0 /opt/Quartus/20.1/nios2eds/bin/gnu/H-x86_64-pc-linux-gnu/bin/../lib/gcc/nios2-elf/10.1.1/../../../../../H-x86_64-pc-linux-gnu/nios2-elf/lib/libsmallc.a(lib_a-impure.o)
 .text          0x000000000001122c        0x0 /opt/Quartus/20.1/nios2eds/bin/gnu/H-x86_64-pc-linux-gnu/bin/../lib/gcc/nios2-elf/10.1.1/../../../../../H-x86_64-pc-linux-gnu/nios2-elf/lib/libsmallc.a(lib_a-memmove.o)
 .text.memmove  0x000000000001122c       0x60 /opt/Quartus/20.1/nios2eds/bin/gnu/H-x86_64-pc-linux-gnu/bin/../lib/gcc/nios2-elf/10.1.1/../../../../../H-x86_64-pc-linux-gnu/nios2-elf/lib/libsmallc.a(lib_a-memmove.o)
                0x000000000001122c                memmove
 .text          0x000000000001128c      0x1b4 /opt/Quartus/20.1/nios2eds/bin/gnu/H-x86_64-pc-linux-gnu/bin/../lib/gcc/nios2-elf/10.1.1/libgcc.a(lib2-divmod.o)
                0x000000000001128c                __divsi3
                0x000000000001130c                __modsi3
                0x0000000000011380                __udivsi3
                0x00000000000113e4                __umodsi3
 .text          0x0000000000011440       0xec ../projeto_final_bsp//libhal_bsp.a(alt_load.o)
                0x00000000000114a8                alt_load
 .text          0x000000000001152c       0x6c ../projeto_final_bsp//libhal_bsp.a(alt_main.o)
                0x000000000001152c                alt_main
 .text          0x0000000000011598      0x22c ../projeto_final_bsp//libhal_bsp.a(alt_printf.o)
                0x0000000000011598                alt_printf
 .text          0x00000000000117c4       0x30 ../projeto_final_bsp//libhal_bsp.a(alt_putchar.o)
                0x00000000000117c4                alt_putchar
 .text          0x00000000000117f4       0x30 ../projeto_final_bsp//libhal_bsp.a(alt_usleep.o)
                0x00000000000117f4                usleep
 .text          0x0000000000011824       0xd8 ../projeto_final_bsp//libhal_bsp.a(alt_sys_init.o)
                0x0000000000011858                alt_irq_init
                0x0000000000011894                alt_sys_init
 .text          0x00000000000118fc       0xc0 ../projeto_final_bsp//libhal_bsp.a(altera_avalon_jtag_uart_fd.o)
                0x00000000000118fc                altera_avalon_jtag_uart_read_fd
                0x000000000001195c                altera_avalon_jtag_uart_write_fd
 .text          0x00000000000119bc       0xec ../projeto_final_bsp//libhal_bsp.a(altera_avalon_jtag_uart_read.o)
                0x00000000000119bc                altera_avalon_jtag_uart_read
 .text          0x0000000000011aa8       0x94 ../projeto_final_bsp//libhal_bsp.a(altera_avalon_jtag_uart_write.o)
                0x0000000000011aa8                altera_avalon_jtag_uart_write
 .text          0x0000000000011b3c      0x100 ../projeto_final_bsp//libhal_bsp.a(altera_avalon_timer_sc.o)
                0x0000000000011bb8                alt_avalon_timer_sc_init
 .text          0x0000000000011c3c      0x4fc ../projeto_final_bsp//libhal_bsp.a(altera_up_avalon_character_lcd.o)
                0x0000000000011c3c                get_DDRAM_addr
                0x0000000000011cb0                alt_up_character_lcd_send_cmd
                0x0000000000011cf0                alt_up_character_lcd_init
                0x0000000000011d28                alt_up_character_lcd_open_dev
                0x0000000000011d64                alt_up_character_lcd_write
                0x0000000000011de4                alt_up_character_lcd_string
                0x0000000000011e60                alt_up_character_lcd_write_fd
                0x0000000000011eb0                alt_up_character_lcd_set_cursor_pos
                0x0000000000011f24                alt_up_character_lcd_shift_cursor
                0x0000000000011fb0                alt_up_character_lcd_shift_display
                0x000000000001203c                alt_up_character_lcd_erase_pos
                0x00000000000120c8                alt_up_character_lcd_cursor_off
                0x0000000000012100                alt_up_character_lcd_cursor_blink_on
 .text          0x0000000000012138      0x158 ../projeto_final_bsp//libhal_bsp.a(alt_busy_sleep.o)
                0x0000000000012138                alt_busy_sleep
 .text          0x0000000000012290      0x10c ../projeto_final_bsp//libhal_bsp.a(alt_close.o)
                0x00000000000122cc                close
 .text          0x000000000001239c       0x4c ../projeto_final_bsp//libhal_bsp.a(alt_dcache_flush_all.o)
                0x000000000001239c                alt_dcache_flush_all
 .text          0x00000000000123e8       0x2c ../projeto_final_bsp//libhal_bsp.a(alt_dev.o)
 .text          0x0000000000012414       0xe4 ../projeto_final_bsp//libhal_bsp.a(alt_dev_llist_insert.o)
                0x0000000000012450                alt_dev_llist_insert
 .text          0x00000000000124f8        0x0 ../projeto_final_bsp//libhal_bsp.a(alt_errno.o)
 .text          0x00000000000124f8       0x90 ../projeto_final_bsp//libhal_bsp.a(alt_find_dev.o)
                0x00000000000124f8                alt_find_dev
 .text          0x0000000000012588       0x34 ../projeto_final_bsp//libhal_bsp.a(alt_icache_flush_all.o)
                0x0000000000012588                alt_icache_flush_all
 .text          0x00000000000125bc      0x1b0 ../projeto_final_bsp//libhal_bsp.a(alt_iic.o)
                0x00000000000125bc                alt_ic_isr_register
                0x000000000001260c                alt_ic_irq_enable
                0x0000000000012694                alt_ic_irq_disable
                0x0000000000012720                alt_ic_irq_enabled
 .text          0x000000000001276c       0xe8 ../projeto_final_bsp//libhal_bsp.a(alt_iic_isr_register.o)
                0x000000000001276c                alt_iic_isr_register
 .text          0x0000000000012854      0x12c ../projeto_final_bsp//libhal_bsp.a(alt_io_redirect.o)
                0x0000000000012904                alt_io_redirect
 .text          0x0000000000012980        0x0 ../projeto_final_bsp//libhal_bsp.a(alt_irq_entry.o)
 .text          0x0000000000012980        0x0 ../projeto_final_bsp//libhal_bsp.a(alt_irq_handler.o)
 .text          0x0000000000012980        0x0 ../projeto_final_bsp//libhal_bsp.a(alt_irq_vars.o)
 .text          0x0000000000012980      0x248 ../projeto_final_bsp//libhal_bsp.a(alt_open.o)
                0x0000000000012a74                open
 .text          0x0000000000012bc8       0x58 ../projeto_final_bsp//libhal_bsp.a(alt_release_fd.o)
                0x0000000000012bc8                alt_release_fd
 .text          0x0000000000012c20      0x1ac ../projeto_final_bsp//libhal_bsp.a(alt_tick.o)
                0x0000000000012c20                alt_alarm_stop
                0x0000000000012cc4                alt_tick
 .text          0x0000000000012dcc       0x24 ../projeto_final_bsp//libhal_bsp.a(altera_nios2_gen2_irq.o)
                0x0000000000012dcc                altera_nios2_gen2_irq_init
 .text          0x0000000000012df0        0x0 ../projeto_final_bsp//libhal_bsp.a(alt_exception_entry.o)
 .text          0x0000000000012df0      0x108 ../projeto_final_bsp//libhal_bsp.a(alt_find_file.o)
                0x0000000000012df0                alt_find_file
 .text          0x0000000000012ef8       0xa0 ../projeto_final_bsp//libhal_bsp.a(alt_get_fd.o)
                0x0000000000012ef8                alt_get_fd
 .text          0x0000000000012f98       0x90 ../projeto_final_bsp//libhal_bsp.a(alt_icache_flush.o)
                0x0000000000012f98                alt_icache_flush
 .text          0x0000000000013028       0x98 ../projeto_final_bsp//libhal_bsp.a(alt_instruction_exception_entry.o)
                0x0000000000013028                alt_exception_cause_generated_bad_addr
 .text          0x00000000000130c0        0x0 /opt/Quartus/20.1/nios2eds/bin/gnu/H-x86_64-pc-linux-gnu/bin/../lib/gcc/nios2-elf/10.1.1/../../../../../H-x86_64-pc-linux-gnu/nios2-elf/lib/libsmallc.a(lib_a-exit.o)
 .text.exit     0x00000000000130c0       0x20 /opt/Quartus/20.1/nios2eds/bin/gnu/H-x86_64-pc-linux-gnu/bin/../lib/gcc/nios2-elf/10.1.1/../../../../../H-x86_64-pc-linux-gnu/nios2-elf/lib/libsmallc.a(lib_a-exit.o)
                0x00000000000130c0                exit
 .text          0x00000000000130e0        0x0 /opt/Quartus/20.1/nios2eds/bin/gnu/H-x86_64-pc-linux-gnu/bin/../lib/gcc/nios2-elf/10.1.1/../../../../../H-x86_64-pc-linux-gnu/nios2-elf/lib/libsmallc.a(lib_a-int_errno.o)
 .text          0x00000000000130e0        0x0 /opt/Quartus/20.1/nios2eds/bin/gnu/H-x86_64-pc-linux-gnu/bin/../lib/gcc/nios2-elf/10.1.1/../../../../../H-x86_64-pc-linux-gnu/nios2-elf/lib/libsmallc.a(lib_a-memcmp.o)
 .text.memcmp   0x00000000000130e0       0x30 /opt/Quartus/20.1/nios2eds/bin/gnu/H-x86_64-pc-linux-gnu/bin/../lib/gcc/nios2-elf/10.1.1/../../../../../H-x86_64-pc-linux-gnu/nios2-elf/lib/libsmallc.a(lib_a-memcmp.o)
                0x00000000000130e0                memcmp
 .text          0x0000000000013110        0x0 /opt/Quartus/20.1/nios2eds/bin/gnu/H-x86_64-pc-linux-gnu/bin/../lib/gcc/nios2-elf/10.1.1/../../../../../H-x86_64-pc-linux-gnu/nios2-elf/lib/libsmallc.a(lib_a-putchar.o)
 .text._putchar_r
                0x0000000000013110        0x8 /opt/Quartus/20.1/nios2eds/bin/gnu/H-x86_64-pc-linux-gnu/bin/../lib/gcc/nios2-elf/10.1.1/../../../../../H-x86_64-pc-linux-gnu/nios2-elf/lib/libsmallc.a(lib_a-putchar.o)
                0x0000000000013110                _putchar_r
 .text.putchar  0x0000000000013118       0x18 /opt/Quartus/20.1/nios2eds/bin/gnu/H-x86_64-pc-linux-gnu/bin/../lib/gcc/nios2-elf/10.1.1/../../../../../H-x86_64-pc-linux-gnu/nios2-elf/lib/libsmallc.a(lib_a-putchar.o)
                0x0000000000013118                putchar
 .text          0x0000000000013130        0x0 /opt/Quartus/20.1/nios2eds/bin/gnu/H-x86_64-pc-linux-gnu/bin/../lib/gcc/nios2-elf/10.1.1/../../../../../H-x86_64-pc-linux-gnu/nios2-elf/lib/libsmallc.a(lib_a-__call_atexit.o)
 .text.__call_exitprocs
                0x0000000000013130      0x12c /opt/Quartus/20.1/nios2eds/bin/gnu/H-x86_64-pc-linux-gnu/bin/../lib/gcc/nios2-elf/10.1.1/../../../../../H-x86_64-pc-linux-gnu/nios2-elf/lib/libsmallc.a(lib_a-__call_atexit.o)
                0x0000000000013130                __call_exitprocs
 .text          0x000000000001325c        0x0 /opt/Quartus/20.1/nios2eds/bin/gnu/H-x86_64-pc-linux-gnu/bin/../lib/gcc/nios2-elf/10.1.1/../../../../../H-x86_64-pc-linux-gnu/nios2-elf/lib/libsmallc.a(lib_a-putc.o)
 .text.putc     0x000000000001325c       0x50 /opt/Quartus/20.1/nios2eds/bin/gnu/H-x86_64-pc-linux-gnu/bin/../lib/gcc/nios2-elf/10.1.1/../../../../../H-x86_64-pc-linux-gnu/nios2-elf/lib/libsmallc.a(lib_a-putc.o)
                0x000000000001325c                putc
 .text._putc_r  0x00000000000132ac       0x54 /opt/Quartus/20.1/nios2eds/bin/gnu/H-x86_64-pc-linux-gnu/bin/../lib/gcc/nios2-elf/10.1.1/../../../../../H-x86_64-pc-linux-gnu/nios2-elf/lib/libsmallc.a(lib_a-putc.o)
                0x00000000000132ac                _putc_r
 .text          0x0000000000013300        0x0 /opt/Quartus/20.1/nios2eds/bin/gnu/H-x86_64-pc-linux-gnu/bin/../lib/gcc/nios2-elf/10.1.1/../../../../../H-x86_64-pc-linux-gnu/nios2-elf/lib/libsmallc.a(lib_a-fvwrite_small_dev.o)
 .text.__sfvwrite_small_dev
                0x0000000000013300       0xa8 /opt/Quartus/20.1/nios2eds/bin/gnu/H-x86_64-pc-linux-gnu/bin/../lib/gcc/nios2-elf/10.1.1/../../../../../H-x86_64-pc-linux-gnu/nios2-elf/lib/libsmallc.a(lib_a-fvwrite_small_dev.o)
                0x0000000000013300                __sfvwrite_small_dev
 .text          0x00000000000133a8        0x0 /opt/Quartus/20.1/nios2eds/bin/gnu/H-x86_64-pc-linux-gnu/bin/../lib/gcc/nios2-elf/10.1.1/../../../../../H-x86_64-pc-linux-gnu/nios2-elf/lib/libsmallc.a(lib_a-writer.o)
 .text._write_r
                0x00000000000133a8       0x50 /opt/Quartus/20.1/nios2eds/bin/gnu/H-x86_64-pc-linux-gnu/bin/../lib/gcc/nios2-elf/10.1.1/../../../../../H-x86_64-pc-linux-gnu/nios2-elf/lib/libsmallc.a(lib_a-writer.o)
                0x00000000000133a8                _write_r
 .text          0x00000000000133f8       0x38 ../projeto_final_bsp//libhal_bsp.a(alt_exit.o)
                0x00000000000133f8                _exit
 .text          0x0000000000013430      0x134 ../projeto_final_bsp//libhal_bsp.a(alt_write.o)
                0x000000000001346c                write
 *(.gnu.warning.*)
 *(.fini)
                [!provide]                        PROVIDE (__etext = ABSOLUTE (.))
                [!provide]                        PROVIDE (_etext = ABSOLUTE (.))
                [!provide]                        PROVIDE (etext = ABSOLUTE (.))
 *(.eh_frame_hdr)
                0x0000000000013564                . = ALIGN (0x4)
                [!provide]                        PROVIDE (__preinit_array_start = ABSOLUTE (.))
 *(.preinit_array)
                [!provide]                        PROVIDE (__preinit_array_end = ABSOLUTE (.))
                [!provide]                        PROVIDE (__init_array_start = ABSOLUTE (.))
 *(.init_array)
                [!provide]                        PROVIDE (__init_array_end = ABSOLUTE (.))
                [!provide]                        PROVIDE (__fini_array_start = ABSOLUTE (.))
 *(.fini_array)
                [!provide]                        PROVIDE (__fini_array_end = ABSOLUTE (.))
 *(.eh_frame)
 *(.gcc_except_table .gcc_except_table.*)
 *(.dynamic)
                [!provide]                        PROVIDE (__CTOR_LIST__ = ABSOLUTE (.))
 *(.ctors)
 *(SORT_BY_NAME(.ctors.*))
                [!provide]                        PROVIDE (__CTOR_END__ = ABSOLUTE (.))
                [!provide]                        PROVIDE (__DTOR_LIST__ = ABSOLUTE (.))
 *(.dtors)
 *(SORT_BY_NAME(.dtors.*))
                [!provide]                        PROVIDE (__DTOR_END__ = ABSOLUTE (.))
 *(.jcr)
                0x0000000000013564                . = ALIGN (0x4)

.rodata         0x0000000000013564      0x144
                0x0000000000013564                PROVIDE (__ram_rodata_start = ABSOLUTE (.))
                0x0000000000013564                . = ALIGN (0x4)
 *(.rodata .rodata.* .gnu.linkonce.r.*)
 .rodata        0x0000000000013564      0x107 obj/default/projeto_final.o
 *fill*         0x000000000001366b        0x1 
 .rodata        0x000000000001366c        0xf ../projeto_final_bsp//libhal_bsp.a(alt_main.o)
 *fill*         0x000000000001367b        0x1 
 .rodata        0x000000000001367c       0x1e ../projeto_final_bsp//libhal_bsp.a(alt_sys_init.o)
 *fill*         0x000000000001369a        0x2 
 .rodata        0x000000000001369c        0xa ../projeto_final_bsp//libhal_bsp.a(alt_dev.o)
 *(.rodata1)
                0x00000000000136a8                . = ALIGN (0x4)
 *fill*         0x00000000000136a6        0x2 
                0x00000000000136a8                PROVIDE (__ram_rodata_end = ABSOLUTE (.))
                0x0000000000013564                PROVIDE (__flash_rodata_start = LOADADDR (.rodata))

.rwdata         0x00000000000136a8      0x310 load address 0x00000000000139b8
                0x00000000000136a8                PROVIDE (__ram_rwdata_start = ABSOLUTE (.))
                0x00000000000136a8                . = ALIGN (0x4)
 *(.got.plt)
 *(.got)
 *(.data1)
 *(.data .data.* .gnu.linkonce.d.*)
 .data          0x00000000000136a8        0x0 ../projeto_final_bsp//obj/HAL/src/crt0.o
 .data          0x00000000000136a8        0x0 obj/default/projeto_final.o
 .data          0x00000000000136a8        0x0 /opt/Quartus/20.1/nios2eds/bin/gnu/H-x86_64-pc-linux-gnu/bin/../lib/gcc/nios2-elf/10.1.1/../../../../../H-x86_64-pc-linux-gnu/nios2-elf/lib/libsmallc.a(lib_a-sprintf.o)
 .data          0x00000000000136a8        0x0 /opt/Quartus/20.1/nios2eds/bin/gnu/H-x86_64-pc-linux-gnu/bin/../lib/gcc/nios2-elf/10.1.1/../../../../../H-x86_64-pc-linux-gnu/nios2-elf/lib/libsmallc.a(lib_a-strlen.o)
 .data          0x00000000000136a8        0x0 /opt/Quartus/20.1/nios2eds/bin/gnu/H-x86_64-pc-linux-gnu/bin/../lib/gcc/nios2-elf/10.1.1/../../../../../H-x86_64-pc-linux-gnu/nios2-elf/lib/libsmallc.a(lib_a-svfprintf.o)
 .data          0x00000000000136a8        0x0 /opt/Quartus/20.1/nios2eds/bin/gnu/H-x86_64-pc-linux-gnu/bin/../lib/gcc/nios2-elf/10.1.1/../../../../../H-x86_64-pc-linux-gnu/nios2-elf/lib/libsmallc.a(lib_a-fvwrite_small_str.o)
 .data          0x00000000000136a8        0x0 /opt/Quartus/20.1/nios2eds/bin/gnu/H-x86_64-pc-linux-gnu/bin/../lib/gcc/nios2-elf/10.1.1/../../../../../H-x86_64-pc-linux-gnu/nios2-elf/lib/libsmallc.a(lib_a-impure.o)
 .data.impure_data
                0x00000000000136a8       0xe4 /opt/Quartus/20.1/nios2eds/bin/gnu/H-x86_64-pc-linux-gnu/bin/../lib/gcc/nios2-elf/10.1.1/../../../../../H-x86_64-pc-linux-gnu/nios2-elf/lib/libsmallc.a(lib_a-impure.o)
 .data          0x000000000001378c        0x0 /opt/Quartus/20.1/nios2eds/bin/gnu/H-x86_64-pc-linux-gnu/bin/../lib/gcc/nios2-elf/10.1.1/../../../../../H-x86_64-pc-linux-gnu/nios2-elf/lib/libsmallc.a(lib_a-memmove.o)
 .data          0x000000000001378c        0x0 /opt/Quartus/20.1/nios2eds/bin/gnu/H-x86_64-pc-linux-gnu/bin/../lib/gcc/nios2-elf/10.1.1/libgcc.a(lib2-divmod.o)
 .data          0x000000000001378c        0x0 ../projeto_final_bsp//libhal_bsp.a(alt_load.o)
 .data          0x000000000001378c        0x0 ../projeto_final_bsp//libhal_bsp.a(alt_main.o)
 .data          0x000000000001378c        0x0 ../projeto_final_bsp//libhal_bsp.a(alt_printf.o)
 .data          0x000000000001378c        0x0 ../projeto_final_bsp//libhal_bsp.a(alt_putchar.o)
 .data          0x000000000001378c        0x0 ../projeto_final_bsp//libhal_bsp.a(alt_usleep.o)
 .data          0x000000000001378c       0x58 ../projeto_final_bsp//libhal_bsp.a(alt_sys_init.o)
 .data          0x00000000000137e4        0x0 ../projeto_final_bsp//libhal_bsp.a(altera_avalon_jtag_uart_fd.o)
 .data          0x00000000000137e4        0x0 ../projeto_final_bsp//libhal_bsp.a(altera_avalon_jtag_uart_read.o)
 .data          0x00000000000137e4        0x0 ../projeto_final_bsp//libhal_bsp.a(altera_avalon_jtag_uart_write.o)
 .data          0x00000000000137e4        0x0 ../projeto_final_bsp//libhal_bsp.a(altera_avalon_timer_sc.o)
 .data          0x00000000000137e4        0x0 ../projeto_final_bsp//libhal_bsp.a(altera_up_avalon_character_lcd.o)
 .data          0x00000000000137e4        0x0 ../projeto_final_bsp//libhal_bsp.a(alt_busy_sleep.o)
 .data          0x00000000000137e4        0x0 ../projeto_final_bsp//libhal_bsp.a(alt_close.o)
 .data          0x00000000000137e4        0x0 ../projeto_final_bsp//libhal_bsp.a(alt_dcache_flush_all.o)
 .data          0x00000000000137e4      0x1a8 ../projeto_final_bsp//libhal_bsp.a(alt_dev.o)
                0x00000000000137e4                alt_dev_null
                0x000000000001380c                alt_fd_list
 .data          0x000000000001398c        0x0 ../projeto_final_bsp//libhal_bsp.a(alt_dev_llist_insert.o)
 .data          0x000000000001398c        0x0 ../projeto_final_bsp//libhal_bsp.a(alt_errno.o)
 .data          0x000000000001398c        0x0 ../projeto_final_bsp//libhal_bsp.a(alt_find_dev.o)
 .data          0x000000000001398c        0x0 ../projeto_final_bsp//libhal_bsp.a(alt_icache_flush_all.o)
 .data          0x000000000001398c        0x0 ../projeto_final_bsp//libhal_bsp.a(alt_iic.o)
 .data          0x000000000001398c        0x0 ../projeto_final_bsp//libhal_bsp.a(alt_iic_isr_register.o)
 .data          0x000000000001398c        0x0 ../projeto_final_bsp//libhal_bsp.a(alt_io_redirect.o)
 .data          0x000000000001398c        0x0 ../projeto_final_bsp//libhal_bsp.a(alt_irq_entry.o)
 .data          0x000000000001398c        0x0 ../projeto_final_bsp//libhal_bsp.a(alt_irq_handler.o)
 .data          0x000000000001398c        0x0 ../projeto_final_bsp//libhal_bsp.a(alt_irq_vars.o)
 .data          0x000000000001398c        0x0 ../projeto_final_bsp//libhal_bsp.a(alt_open.o)
 .data          0x000000000001398c        0x0 ../projeto_final_bsp//libhal_bsp.a(alt_release_fd.o)
 .data          0x000000000001398c        0x0 ../projeto_final_bsp//libhal_bsp.a(alt_tick.o)
 .data          0x000000000001398c        0x0 ../projeto_final_bsp//libhal_bsp.a(altera_nios2_gen2_irq.o)
 .data          0x000000000001398c        0x0 ../projeto_final_bsp//libhal_bsp.a(alt_exception_entry.o)
 .data          0x000000000001398c        0x0 ../projeto_final_bsp//libhal_bsp.a(alt_find_file.o)
 .data          0x000000000001398c        0x0 ../projeto_final_bsp//libhal_bsp.a(alt_get_fd.o)
 .data          0x000000000001398c        0x0 ../projeto_final_bsp//libhal_bsp.a(alt_icache_flush.o)
 .data          0x000000000001398c        0x0 ../projeto_final_bsp//libhal_bsp.a(alt_instruction_exception_entry.o)
 .data          0x000000000001398c        0x0 /opt/Quartus/20.1/nios2eds/bin/gnu/H-x86_64-pc-linux-gnu/bin/../lib/gcc/nios2-elf/10.1.1/../../../../../H-x86_64-pc-linux-gnu/nios2-elf/lib/libsmallc.a(lib_a-exit.o)
 .data          0x000000000001398c        0x0 /opt/Quartus/20.1/nios2eds/bin/gnu/H-x86_64-pc-linux-gnu/bin/../lib/gcc/nios2-elf/10.1.1/../../../../../H-x86_64-pc-linux-gnu/nios2-elf/lib/libsmallc.a(lib_a-int_errno.o)
 .data          0x000000000001398c        0x0 /opt/Quartus/20.1/nios2eds/bin/gnu/H-x86_64-pc-linux-gnu/bin/../lib/gcc/nios2-elf/10.1.1/../../../../../H-x86_64-pc-linux-gnu/nios2-elf/lib/libsmallc.a(lib_a-memcmp.o)
 .data          0x000000000001398c        0x0 /opt/Quartus/20.1/nios2eds/bin/gnu/H-x86_64-pc-linux-gnu/bin/../lib/gcc/nios2-elf/10.1.1/../../../../../H-x86_64-pc-linux-gnu/nios2-elf/lib/libsmallc.a(lib_a-putchar.o)
 .data          0x000000000001398c        0x0 /opt/Quartus/20.1/nios2eds/bin/gnu/H-x86_64-pc-linux-gnu/bin/../lib/gcc/nios2-elf/10.1.1/../../../../../H-x86_64-pc-linux-gnu/nios2-elf/lib/libsmallc.a(lib_a-__call_atexit.o)
 .data          0x000000000001398c        0x0 /opt/Quartus/20.1/nios2eds/bin/gnu/H-x86_64-pc-linux-gnu/bin/../lib/gcc/nios2-elf/10.1.1/../../../../../H-x86_64-pc-linux-gnu/nios2-elf/lib/libsmallc.a(lib_a-putc.o)
 .data          0x000000000001398c        0x0 /opt/Quartus/20.1/nios2eds/bin/gnu/H-x86_64-pc-linux-gnu/bin/../lib/gcc/nios2-elf/10.1.1/../../../../../H-x86_64-pc-linux-gnu/nios2-elf/lib/libsmallc.a(lib_a-fvwrite_small_dev.o)
 .data          0x000000000001398c        0x0 /opt/Quartus/20.1/nios2eds/bin/gnu/H-x86_64-pc-linux-gnu/bin/../lib/gcc/nios2-elf/10.1.1/../../../../../H-x86_64-pc-linux-gnu/nios2-elf/lib/libsmallc.a(lib_a-writer.o)
 .data          0x000000000001398c        0x0 ../projeto_final_bsp//libhal_bsp.a(alt_exit.o)
 .data          0x000000000001398c        0x0 ../projeto_final_bsp//libhal_bsp.a(alt_write.o)
                0x000000000001b98c                _gp = ABSOLUTE ((. + 0x8000))
                [!provide]                        PROVIDE (gp = _gp)
 *(.rwdata .rwdata.*)
 *(.sdata .sdata.* .gnu.linkonce.s.*)
 .sdata._global_impure_ptr
                0x000000000001398c        0x4 /opt/Quartus/20.1/nios2eds/bin/gnu/H-x86_64-pc-linux-gnu/bin/../lib/gcc/nios2-elf/10.1.1/../../../../../H-x86_64-pc-linux-gnu/nios2-elf/lib/libsmallc.a(lib_a-impure.o)
                0x000000000001398c                _global_impure_ptr
 .sdata._impure_ptr
                0x0000000000013990        0x4 /opt/Quartus/20.1/nios2eds/bin/gnu/H-x86_64-pc-linux-gnu/bin/../lib/gcc/nios2-elf/10.1.1/../../../../../H-x86_64-pc-linux-gnu/nios2-elf/lib/libsmallc.a(lib_a-impure.o)
                0x0000000000013990                _impure_ptr
 .sdata         0x0000000000013994       0x14 ../projeto_final_bsp//libhal_bsp.a(alt_dev.o)
                0x0000000000013994                alt_fs_list
                0x000000000001399c                alt_dev_list
                0x00000000000139a4                alt_max_fd
 .sdata         0x00000000000139a8        0x4 ../projeto_final_bsp//libhal_bsp.a(alt_errno.o)
                0x00000000000139a8                alt_errno
 .sdata         0x00000000000139ac        0x4 ../projeto_final_bsp//libhal_bsp.a(alt_irq_vars.o)
                0x00000000000139ac                alt_priority_mask
 .sdata         0x00000000000139b0        0x8 ../projeto_final_bsp//libhal_bsp.a(alt_tick.o)
                0x00000000000139b0                alt_alarm_list
 *(.sdata2 .sdata2.* .gnu.linkonce.s2.*)
                0x00000000000139b8                . = ALIGN (0x4)
                0x00000000000139b8                _edata = ABSOLUTE (.)
                [!provide]                        PROVIDE (edata = ABSOLUTE (.))
                0x00000000000139b8                PROVIDE (__ram_rwdata_end = ABSOLUTE (.))
                0x00000000000139b8                PROVIDE (__flash_rwdata_start = LOADADDR (.rwdata))

.bss            0x0000000000013cc8      0x120
                0x0000000000013cc8                __bss_start = ABSOLUTE (.)
                [!provide]                        PROVIDE (__sbss_start = ABSOLUTE (.))
                [!provide]                        PROVIDE (___sbss_start = ABSOLUTE (.))
 *(.dynsbss)
 *(.sbss .sbss.* .gnu.linkonce.sb.*)
 .sbss          0x0000000000013cc8        0xc ../projeto_final_bsp//libhal_bsp.a(alt_main.o)
                0x0000000000013cc8                alt_argc
                0x0000000000013ccc                alt_argv
                0x0000000000013cd0                alt_envp
 .sbss          0x0000000000013cd4        0x4 ../projeto_final_bsp//libhal_bsp.a(alt_irq_vars.o)
                0x0000000000013cd4                alt_irq_active
 .sbss          0x0000000000013cd8        0x8 ../projeto_final_bsp//libhal_bsp.a(alt_tick.o)
                0x0000000000013cd8                _alt_tick_rate
                0x0000000000013cdc                _alt_nticks
 .sbss          0x0000000000013ce0        0x4 ../projeto_final_bsp//libhal_bsp.a(alt_instruction_exception_entry.o)
                0x0000000000013ce0                alt_instruction_exception_handler
 .sbss.errno    0x0000000000013ce4        0x4 /opt/Quartus/20.1/nios2eds/bin/gnu/H-x86_64-pc-linux-gnu/bin/../lib/gcc/nios2-elf/10.1.1/../../../../../H-x86_64-pc-linux-gnu/nios2-elf/lib/libsmallc.a(lib_a-int_errno.o)
                0x0000000000013ce4                errno
 *(.sbss2 .sbss2.* .gnu.linkonce.sb2.*)
 *(.scommon)
                [!provide]                        PROVIDE (__sbss_end = ABSOLUTE (.))
                [!provide]                        PROVIDE (___sbss_end = ABSOLUTE (.))
 *(.dynbss)
 *(.bss .bss.* .gnu.linkonce.b.*)
 .bss           0x0000000000013ce8        0x0 ../projeto_final_bsp//obj/HAL/src/crt0.o
 .bss           0x0000000000013ce8        0x0 obj/default/projeto_final.o
 .bss           0x0000000000013ce8        0x0 /opt/Quartus/20.1/nios2eds/bin/gnu/H-x86_64-pc-linux-gnu/bin/../lib/gcc/nios2-elf/10.1.1/../../../../../H-x86_64-pc-linux-gnu/nios2-elf/lib/libsmallc.a(lib_a-sprintf.o)
 .bss           0x0000000000013ce8        0x0 /opt/Quartus/20.1/nios2eds/bin/gnu/H-x86_64-pc-linux-gnu/bin/../lib/gcc/nios2-elf/10.1.1/../../../../../H-x86_64-pc-linux-gnu/nios2-elf/lib/libsmallc.a(lib_a-strlen.o)
 .bss           0x0000000000013ce8        0x0 /opt/Quartus/20.1/nios2eds/bin/gnu/H-x86_64-pc-linux-gnu/bin/../lib/gcc/nios2-elf/10.1.1/../../../../../H-x86_64-pc-linux-gnu/nios2-elf/lib/libsmallc.a(lib_a-svfprintf.o)
 .bss           0x0000000000013ce8        0x0 /opt/Quartus/20.1/nios2eds/bin/gnu/H-x86_64-pc-linux-gnu/bin/../lib/gcc/nios2-elf/10.1.1/../../../../../H-x86_64-pc-linux-gnu/nios2-elf/lib/libsmallc.a(lib_a-fvwrite_small_str.o)
 .bss           0x0000000000013ce8        0x0 /opt/Quartus/20.1/nios2eds/bin/gnu/H-x86_64-pc-linux-gnu/bin/../lib/gcc/nios2-elf/10.1.1/../../../../../H-x86_64-pc-linux-gnu/nios2-elf/lib/libsmallc.a(lib_a-impure.o)
 .bss           0x0000000000013ce8        0x0 /opt/Quartus/20.1/nios2eds/bin/gnu/H-x86_64-pc-linux-gnu/bin/../lib/gcc/nios2-elf/10.1.1/../../../../../H-x86_64-pc-linux-gnu/nios2-elf/lib/libsmallc.a(lib_a-memmove.o)
 .bss           0x0000000000013ce8        0x0 /opt/Quartus/20.1/nios2eds/bin/gnu/H-x86_64-pc-linux-gnu/bin/../lib/gcc/nios2-elf/10.1.1/libgcc.a(lib2-divmod.o)
 .bss           0x0000000000013ce8        0x0 ../projeto_final_bsp//libhal_bsp.a(alt_load.o)
 .bss           0x0000000000013ce8        0x0 ../projeto_final_bsp//libhal_bsp.a(alt_main.o)
 .bss           0x0000000000013ce8        0x0 ../projeto_final_bsp//libhal_bsp.a(alt_printf.o)
 .bss           0x0000000000013ce8        0x0 ../projeto_final_bsp//libhal_bsp.a(alt_putchar.o)
 .bss           0x0000000000013ce8        0x0 ../projeto_final_bsp//libhal_bsp.a(alt_usleep.o)
 .bss           0x0000000000013ce8        0x0 ../projeto_final_bsp//libhal_bsp.a(alt_sys_init.o)
 .bss           0x0000000000013ce8        0x0 ../projeto_final_bsp//libhal_bsp.a(altera_avalon_jtag_uart_fd.o)
 .bss           0x0000000000013ce8        0x0 ../projeto_final_bsp//libhal_bsp.a(altera_avalon_jtag_uart_read.o)
 .bss           0x0000000000013ce8        0x0 ../projeto_final_bsp//libhal_bsp.a(altera_avalon_jtag_uart_write.o)
 .bss           0x0000000000013ce8        0x0 ../projeto_final_bsp//libhal_bsp.a(altera_avalon_timer_sc.o)
 .bss           0x0000000000013ce8        0x0 ../projeto_final_bsp//libhal_bsp.a(altera_up_avalon_character_lcd.o)
 .bss           0x0000000000013ce8        0x0 ../projeto_final_bsp//libhal_bsp.a(alt_busy_sleep.o)
 .bss           0x0000000000013ce8        0x0 ../projeto_final_bsp//libhal_bsp.a(alt_close.o)
 .bss           0x0000000000013ce8        0x0 ../projeto_final_bsp//libhal_bsp.a(alt_dcache_flush_all.o)
 .bss           0x0000000000013ce8        0x0 ../projeto_final_bsp//libhal_bsp.a(alt_dev.o)
 .bss           0x0000000000013ce8        0x0 ../projeto_final_bsp//libhal_bsp.a(alt_dev_llist_insert.o)
 .bss           0x0000000000013ce8        0x0 ../projeto_final_bsp//libhal_bsp.a(alt_errno.o)
 .bss           0x0000000000013ce8        0x0 ../projeto_final_bsp//libhal_bsp.a(alt_find_dev.o)
 .bss           0x0000000000013ce8        0x0 ../projeto_final_bsp//libhal_bsp.a(alt_icache_flush_all.o)
 .bss           0x0000000000013ce8        0x0 ../projeto_final_bsp//libhal_bsp.a(alt_iic.o)
 .bss           0x0000000000013ce8        0x0 ../projeto_final_bsp//libhal_bsp.a(alt_iic_isr_register.o)
 .bss           0x0000000000013ce8        0x0 ../projeto_final_bsp//libhal_bsp.a(alt_io_redirect.o)
 .bss           0x0000000000013ce8        0x0 ../projeto_final_bsp//libhal_bsp.a(alt_irq_entry.o)
 .bss           0x0000000000013ce8      0x100 ../projeto_final_bsp//libhal_bsp.a(alt_irq_handler.o)
                0x0000000000013ce8                alt_irq
 .bss           0x0000000000013de8        0x0 ../projeto_final_bsp//libhal_bsp.a(alt_irq_vars.o)
 .bss           0x0000000000013de8        0x0 ../projeto_final_bsp//libhal_bsp.a(alt_open.o)
 .bss           0x0000000000013de8        0x0 ../projeto_final_bsp//libhal_bsp.a(alt_release_fd.o)
 .bss           0x0000000000013de8        0x0 ../projeto_final_bsp//libhal_bsp.a(alt_tick.o)
 .bss           0x0000000000013de8        0x0 ../projeto_final_bsp//libhal_bsp.a(altera_nios2_gen2_irq.o)
 .bss           0x0000000000013de8        0x0 ../projeto_final_bsp//libhal_bsp.a(alt_exception_entry.o)
 .bss           0x0000000000013de8        0x0 ../projeto_final_bsp//libhal_bsp.a(alt_find_file.o)
 .bss           0x0000000000013de8        0x0 ../projeto_final_bsp//libhal_bsp.a(alt_get_fd.o)
 .bss           0x0000000000013de8        0x0 ../projeto_final_bsp//libhal_bsp.a(alt_icache_flush.o)
 .bss           0x0000000000013de8        0x0 ../projeto_final_bsp//libhal_bsp.a(alt_instruction_exception_entry.o)
 .bss           0x0000000000013de8        0x0 /opt/Quartus/20.1/nios2eds/bin/gnu/H-x86_64-pc-linux-gnu/bin/../lib/gcc/nios2-elf/10.1.1/../../../../../H-x86_64-pc-linux-gnu/nios2-elf/lib/libsmallc.a(lib_a-exit.o)
 .bss           0x0000000000013de8        0x0 /opt/Quartus/20.1/nios2eds/bin/gnu/H-x86_64-pc-linux-gnu/bin/../lib/gcc/nios2-elf/10.1.1/../../../../../H-x86_64-pc-linux-gnu/nios2-elf/lib/libsmallc.a(lib_a-int_errno.o)
 .bss           0x0000000000013de8        0x0 /opt/Quartus/20.1/nios2eds/bin/gnu/H-x86_64-pc-linux-gnu/bin/../lib/gcc/nios2-elf/10.1.1/../../../../../H-x86_64-pc-linux-gnu/nios2-elf/lib/libsmallc.a(lib_a-memcmp.o)
 .bss           0x0000000000013de8        0x0 /opt/Quartus/20.1/nios2eds/bin/gnu/H-x86_64-pc-linux-gnu/bin/../lib/gcc/nios2-elf/10.1.1/../../../../../H-x86_64-pc-linux-gnu/nios2-elf/lib/libsmallc.a(lib_a-putchar.o)
 .bss           0x0000000000013de8        0x0 /opt/Quartus/20.1/nios2eds/bin/gnu/H-x86_64-pc-linux-gnu/bin/../lib/gcc/nios2-elf/10.1.1/../../../../../H-x86_64-pc-linux-gnu/nios2-elf/lib/libsmallc.a(lib_a-__call_atexit.o)
 .bss           0x0000000000013de8        0x0 /opt/Quartus/20.1/nios2eds/bin/gnu/H-x86_64-pc-linux-gnu/bin/../lib/gcc/nios2-elf/10.1.1/../../../../../H-x86_64-pc-linux-gnu/nios2-elf/lib/libsmallc.a(lib_a-putc.o)
 .bss           0x0000000000013de8        0x0 /opt/Quartus/20.1/nios2eds/bin/gnu/H-x86_64-pc-linux-gnu/bin/../lib/gcc/nios2-elf/10.1.1/../../../../../H-x86_64-pc-linux-gnu/nios2-elf/lib/libsmallc.a(lib_a-fvwrite_small_dev.o)
 .bss           0x0000000000013de8        0x0 /opt/Quartus/20.1/nios2eds/bin/gnu/H-x86_64-pc-linux-gnu/bin/../lib/gcc/nios2-elf/10.1.1/../../../../../H-x86_64-pc-linux-gnu/nios2-elf/lib/libsmallc.a(lib_a-writer.o)
 .bss           0x0000000000013de8        0x0 ../projeto_final_bsp//libhal_bsp.a(alt_exit.o)
 .bss           0x0000000000013de8        0x0 ../projeto_final_bsp//libhal_bsp.a(alt_write.o)
 *(COMMON)
                0x0000000000013de8                . = ALIGN (0x4)
                0x0000000000013de8                __bss_end = ABSOLUTE (.)

.onchip_mem     0x0000000000013de8        0x0
                [!provide]                        PROVIDE (_alt_partition_onchip_mem_start = ABSOLUTE (.))
 *(.onchip_mem .onchip_mem. onchip_mem.*)
                0x0000000000013de8                . = ALIGN (0x4)
                [!provide]                        PROVIDE (_alt_partition_onchip_mem_end = ABSOLUTE (.))
                0x0000000000013de8                _end = ABSOLUTE (.)
                0x0000000000013de8                end = ABSOLUTE (.)
                0x0000000000013de8                __alt_stack_base = ABSOLUTE (.)
                [!provide]                        PROVIDE (_alt_partition_onchip_mem_load_addr = LOADADDR (.onchip_mem))

.stab
 *(.stab)

.stabstr
 *(.stabstr)

.stab.excl
 *(.stab.excl)

.stab.exclstr
 *(.stab.exclstr)

.stab.index
 *(.stab.index)

.stab.indexstr
 *(.stab.indexstr)

.comment        0x0000000000000000       0x2d
 *(.comment)
 .comment       0x0000000000000000       0x2d obj/default/projeto_final.o
                                         0x2e (size before relaxing)
 .comment       0x000000000000002d       0x2e /opt/Quartus/20.1/nios2eds/bin/gnu/H-x86_64-pc-linux-gnu/bin/../lib/gcc/nios2-elf/10.1.1/../../../../../H-x86_64-pc-linux-gnu/nios2-elf/lib/libsmallc.a(lib_a-sprintf.o)
 .comment       0x000000000000002d       0x2e /opt/Quartus/20.1/nios2eds/bin/gnu/H-x86_64-pc-linux-gnu/bin/../lib/gcc/nios2-elf/10.1.1/../../../../../H-x86_64-pc-linux-gnu/nios2-elf/lib/libsmallc.a(lib_a-strlen.o)
 .comment       0x000000000000002d       0x2e /opt/Quartus/20.1/nios2eds/bin/gnu/H-x86_64-pc-linux-gnu/bin/../lib/gcc/nios2-elf/10.1.1/../../../../../H-x86_64-pc-linux-gnu/nios2-elf/lib/libsmallc.a(lib_a-svfprintf.o)
 .comment       0x000000000000002d       0x2e /opt/Quartus/20.1/nios2eds/bin/gnu/H-x86_64-pc-linux-gnu/bin/../lib/gcc/nios2-elf/10.1.1/../../../../../H-x86_64-pc-linux-gnu/nios2-elf/lib/libsmallc.a(lib_a-fvwrite_small_str.o)
 .comment       0x000000000000002d       0x2e /opt/Quartus/20.1/nios2eds/bin/gnu/H-x86_64-pc-linux-gnu/bin/../lib/gcc/nios2-elf/10.1.1/../../../../../H-x86_64-pc-linux-gnu/nios2-elf/lib/libsmallc.a(lib_a-impure.o)
 .comment       0x000000000000002d       0x2e /opt/Quartus/20.1/nios2eds/bin/gnu/H-x86_64-pc-linux-gnu/bin/../lib/gcc/nios2-elf/10.1.1/../../../../../H-x86_64-pc-linux-gnu/nios2-elf/lib/libsmallc.a(lib_a-memmove.o)
 .comment       0x000000000000002d       0x2e /opt/Quartus/20.1/nios2eds/bin/gnu/H-x86_64-pc-linux-gnu/bin/../lib/gcc/nios2-elf/10.1.1/libgcc.a(lib2-divmod.o)
 .comment       0x000000000000002d       0x2e ../projeto_final_bsp//libhal_bsp.a(alt_load.o)
 .comment       0x000000000000002d       0x2e ../projeto_final_bsp//libhal_bsp.a(alt_main.o)
 .comment       0x000000000000002d       0x2e ../projeto_final_bsp//libhal_bsp.a(alt_printf.o)
 .comment       0x000000000000002d       0x2e ../projeto_final_bsp//libhal_bsp.a(alt_putchar.o)
 .comment       0x000000000000002d       0x2e ../projeto_final_bsp//libhal_bsp.a(alt_usleep.o)
 .comment       0x000000000000002d       0x2e ../projeto_final_bsp//libhal_bsp.a(alt_sys_init.o)
 .comment       0x000000000000002d       0x2e ../projeto_final_bsp//libhal_bsp.a(altera_avalon_jtag_uart_fd.o)
 .comment       0x000000000000002d       0x2e ../projeto_final_bsp//libhal_bsp.a(altera_avalon_jtag_uart_read.o)
 .comment       0x000000000000002d       0x2e ../projeto_final_bsp//libhal_bsp.a(altera_avalon_jtag_uart_write.o)
 .comment       0x000000000000002d       0x2e ../projeto_final_bsp//libhal_bsp.a(altera_avalon_timer_sc.o)
 .comment       0x000000000000002d       0x2e ../projeto_final_bsp//libhal_bsp.a(altera_up_avalon_character_lcd.o)
 .comment       0x000000000000002d       0x2e ../projeto_final_bsp//libhal_bsp.a(alt_busy_sleep.o)
 .comment       0x000000000000002d       0x2e ../projeto_final_bsp//libhal_bsp.a(alt_close.o)
 .comment       0x000000000000002d       0x2e ../projeto_final_bsp//libhal_bsp.a(alt_dcache_flush_all.o)
 .comment       0x000000000000002d       0x2e ../projeto_final_bsp//libhal_bsp.a(alt_dev.o)
 .comment       0x000000000000002d       0x2e ../projeto_final_bsp//libhal_bsp.a(alt_dev_llist_insert.o)
 .comment       0x000000000000002d       0x2e ../projeto_final_bsp//libhal_bsp.a(alt_errno.o)
 .comment       0x000000000000002d       0x2e ../projeto_final_bsp//libhal_bsp.a(alt_find_dev.o)
 .comment       0x000000000000002d       0x2e ../projeto_final_bsp//libhal_bsp.a(alt_icache_flush_all.o)
 .comment       0x000000000000002d       0x2e ../projeto_final_bsp//libhal_bsp.a(alt_iic.o)
 .comment       0x000000000000002d       0x2e ../projeto_final_bsp//libhal_bsp.a(alt_iic_isr_register.o)
 .comment       0x000000000000002d       0x2e ../projeto_final_bsp//libhal_bsp.a(alt_io_redirect.o)
 .comment       0x000000000000002d       0x2e ../projeto_final_bsp//libhal_bsp.a(alt_irq_handler.o)
 .comment       0x000000000000002d       0x2e ../projeto_final_bsp//libhal_bsp.a(alt_irq_vars.o)
 .comment       0x000000000000002d       0x2e ../projeto_final_bsp//libhal_bsp.a(alt_open.o)
 .comment       0x000000000000002d       0x2e ../projeto_final_bsp//libhal_bsp.a(alt_release_fd.o)
 .comment       0x000000000000002d       0x2e ../projeto_final_bsp//libhal_bsp.a(alt_tick.o)
 .comment       0x000000000000002d       0x2e ../projeto_final_bsp//libhal_bsp.a(altera_nios2_gen2_irq.o)
 .comment       0x000000000000002d       0x2e ../projeto_final_bsp//libhal_bsp.a(alt_find_file.o)
 .comment       0x000000000000002d       0x2e ../projeto_final_bsp//libhal_bsp.a(alt_get_fd.o)
 .comment       0x000000000000002d       0x2e ../projeto_final_bsp//libhal_bsp.a(alt_icache_flush.o)
 .comment       0x000000000000002d       0x2e ../projeto_final_bsp//libhal_bsp.a(alt_instruction_exception_entry.o)
 .comment       0x000000000000002d       0x2e /opt/Quartus/20.1/nios2eds/bin/gnu/H-x86_64-pc-linux-gnu/bin/../lib/gcc/nios2-elf/10.1.1/../../../../../H-x86_64-pc-linux-gnu/nios2-elf/lib/libsmallc.a(lib_a-exit.o)
 .comment       0x000000000000002d       0x2e /opt/Quartus/20.1/nios2eds/bin/gnu/H-x86_64-pc-linux-gnu/bin/../lib/gcc/nios2-elf/10.1.1/../../../../../H-x86_64-pc-linux-gnu/nios2-elf/lib/libsmallc.a(lib_a-int_errno.o)
 .comment       0x000000000000002d       0x2e /opt/Quartus/20.1/nios2eds/bin/gnu/H-x86_64-pc-linux-gnu/bin/../lib/gcc/nios2-elf/10.1.1/../../../../../H-x86_64-pc-linux-gnu/nios2-elf/lib/libsmallc.a(lib_a-memcmp.o)
 .comment       0x000000000000002d       0x2e /opt/Quartus/20.1/nios2eds/bin/gnu/H-x86_64-pc-linux-gnu/bin/../lib/gcc/nios2-elf/10.1.1/../../../../../H-x86_64-pc-linux-gnu/nios2-elf/lib/libsmallc.a(lib_a-putchar.o)
 .comment       0x000000000000002d       0x2e /opt/Quartus/20.1/nios2eds/bin/gnu/H-x86_64-pc-linux-gnu/bin/../lib/gcc/nios2-elf/10.1.1/../../../../../H-x86_64-pc-linux-gnu/nios2-elf/lib/libsmallc.a(lib_a-__call_atexit.o)
 .comment       0x000000000000002d       0x2e /opt/Quartus/20.1/nios2eds/bin/gnu/H-x86_64-pc-linux-gnu/bin/../lib/gcc/nios2-elf/10.1.1/../../../../../H-x86_64-pc-linux-gnu/nios2-elf/lib/libsmallc.a(lib_a-putc.o)
 .comment       0x000000000000002d       0x2e /opt/Quartus/20.1/nios2eds/bin/gnu/H-x86_64-pc-linux-gnu/bin/../lib/gcc/nios2-elf/10.1.1/../../../../../H-x86_64-pc-linux-gnu/nios2-elf/lib/libsmallc.a(lib_a-fvwrite_small_dev.o)
 .comment       0x000000000000002d       0x2e /opt/Quartus/20.1/nios2eds/bin/gnu/H-x86_64-pc-linux-gnu/bin/../lib/gcc/nios2-elf/10.1.1/../../../../../H-x86_64-pc-linux-gnu/nios2-elf/lib/libsmallc.a(lib_a-writer.o)
 .comment       0x000000000000002d       0x2e ../projeto_final_bsp//libhal_bsp.a(alt_exit.o)
 .comment       0x000000000000002d       0x2e ../projeto_final_bsp//libhal_bsp.a(alt_write.o)

.debug
 *(.debug)

.line
 *(.line)

.debug_srcinfo
 *(.debug_srcinfo)

.debug_sfnames
 *(.debug_sfnames)

.debug_aranges  0x0000000000000000      0x6e0
 *(.debug_aranges)
 .debug_aranges
                0x0000000000000000       0x28 ../projeto_final_bsp//obj/HAL/src/crt0.o
 .debug_aranges
                0x0000000000000028       0x20 obj/default/projeto_final.o
 .debug_aranges
                0x0000000000000048       0x28 /opt/Quartus/20.1/nios2eds/bin/gnu/H-x86_64-pc-linux-gnu/bin/../lib/gcc/nios2-elf/10.1.1/../../../../../H-x86_64-pc-linux-gnu/nios2-elf/lib/libsmallc.a(lib_a-sprintf.o)
 .debug_aranges
                0x0000000000000070       0x20 /opt/Quartus/20.1/nios2eds/bin/gnu/H-x86_64-pc-linux-gnu/bin/../lib/gcc/nios2-elf/10.1.1/../../../../../H-x86_64-pc-linux-gnu/nios2-elf/lib/libsmallc.a(lib_a-strlen.o)
 .debug_aranges
                0x0000000000000090       0x30 /opt/Quartus/20.1/nios2eds/bin/gnu/H-x86_64-pc-linux-gnu/bin/../lib/gcc/nios2-elf/10.1.1/../../../../../H-x86_64-pc-linux-gnu/nios2-elf/lib/libsmallc.a(lib_a-svfprintf.o)
 .debug_aranges
                0x00000000000000c0       0x20 /opt/Quartus/20.1/nios2eds/bin/gnu/H-x86_64-pc-linux-gnu/bin/../lib/gcc/nios2-elf/10.1.1/../../../../../H-x86_64-pc-linux-gnu/nios2-elf/lib/libsmallc.a(lib_a-fvwrite_small_str.o)
 .debug_aranges
                0x00000000000000e0       0x18 /opt/Quartus/20.1/nios2eds/bin/gnu/H-x86_64-pc-linux-gnu/bin/../lib/gcc/nios2-elf/10.1.1/../../../../../H-x86_64-pc-linux-gnu/nios2-elf/lib/libsmallc.a(lib_a-impure.o)
 .debug_aranges
                0x00000000000000f8       0x20 /opt/Quartus/20.1/nios2eds/bin/gnu/H-x86_64-pc-linux-gnu/bin/../lib/gcc/nios2-elf/10.1.1/../../../../../H-x86_64-pc-linux-gnu/nios2-elf/lib/libsmallc.a(lib_a-memmove.o)
 .debug_aranges
                0x0000000000000118       0x20 /opt/Quartus/20.1/nios2eds/bin/gnu/H-x86_64-pc-linux-gnu/bin/../lib/gcc/nios2-elf/10.1.1/libgcc.a(lib2-divmod.o)
 .debug_aranges
                0x0000000000000138       0x20 ../projeto_final_bsp//libhal_bsp.a(alt_load.o)
 .debug_aranges
                0x0000000000000158       0x20 ../projeto_final_bsp//libhal_bsp.a(alt_main.o)
 .debug_aranges
                0x0000000000000178       0x20 ../projeto_final_bsp//libhal_bsp.a(alt_printf.o)
 .debug_aranges
                0x0000000000000198       0x20 ../projeto_final_bsp//libhal_bsp.a(alt_putchar.o)
 .debug_aranges
                0x00000000000001b8       0x20 ../projeto_final_bsp//libhal_bsp.a(alt_usleep.o)
 .debug_aranges
                0x00000000000001d8       0x20 ../projeto_final_bsp//libhal_bsp.a(alt_sys_init.o)
 .debug_aranges
                0x00000000000001f8       0x20 ../projeto_final_bsp//libhal_bsp.a(altera_avalon_jtag_uart_fd.o)
 .debug_aranges
                0x0000000000000218       0x20 ../projeto_final_bsp//libhal_bsp.a(altera_avalon_jtag_uart_read.o)
 .debug_aranges
                0x0000000000000238       0x20 ../projeto_final_bsp//libhal_bsp.a(altera_avalon_jtag_uart_write.o)
 .debug_aranges
                0x0000000000000258       0x20 ../projeto_final_bsp//libhal_bsp.a(altera_avalon_timer_sc.o)
 .debug_aranges
                0x0000000000000278       0x20 ../projeto_final_bsp//libhal_bsp.a(altera_up_avalon_character_lcd.o)
 .debug_aranges
                0x0000000000000298       0x20 ../projeto_final_bsp//libhal_bsp.a(alt_busy_sleep.o)
 .debug_aranges
                0x00000000000002b8       0x20 ../projeto_final_bsp//libhal_bsp.a(alt_close.o)
 .debug_aranges
                0x00000000000002d8       0x20 ../projeto_final_bsp//libhal_bsp.a(alt_dcache_flush_all.o)
 .debug_aranges
                0x00000000000002f8       0x20 ../projeto_final_bsp//libhal_bsp.a(alt_dev.o)
 .debug_aranges
                0x0000000000000318       0x20 ../projeto_final_bsp//libhal_bsp.a(alt_dev_llist_insert.o)
 .debug_aranges
                0x0000000000000338       0x18 ../projeto_final_bsp//libhal_bsp.a(alt_errno.o)
 .debug_aranges
                0x0000000000000350       0x20 ../projeto_final_bsp//libhal_bsp.a(alt_find_dev.o)
 .debug_aranges
                0x0000000000000370       0x20 ../projeto_final_bsp//libhal_bsp.a(alt_icache_flush_all.o)
 .debug_aranges
                0x0000000000000390       0x20 ../projeto_final_bsp//libhal_bsp.a(alt_iic.o)
 .debug_aranges
                0x00000000000003b0       0x20 ../projeto_final_bsp//libhal_bsp.a(alt_iic_isr_register.o)
 .debug_aranges
                0x00000000000003d0       0x20 ../projeto_final_bsp//libhal_bsp.a(alt_io_redirect.o)
 .debug_aranges
                0x00000000000003f0       0x30 ../projeto_final_bsp//libhal_bsp.a(alt_irq_entry.o)
 .debug_aranges
                0x0000000000000420       0x20 ../projeto_final_bsp//libhal_bsp.a(alt_irq_handler.o)
 .debug_aranges
                0x0000000000000440       0x18 ../projeto_final_bsp//libhal_bsp.a(alt_irq_vars.o)
 .debug_aranges
                0x0000000000000458       0x20 ../projeto_final_bsp//libhal_bsp.a(alt_open.o)
 .debug_aranges
                0x0000000000000478       0x20 ../projeto_final_bsp//libhal_bsp.a(alt_release_fd.o)
 .debug_aranges
                0x0000000000000498       0x20 ../projeto_final_bsp//libhal_bsp.a(alt_tick.o)
 .debug_aranges
                0x00000000000004b8       0x20 ../projeto_final_bsp//libhal_bsp.a(altera_nios2_gen2_irq.o)
 .debug_aranges
                0x00000000000004d8       0x38 ../projeto_final_bsp//libhal_bsp.a(alt_exception_entry.o)
 .debug_aranges
                0x0000000000000510       0x20 ../projeto_final_bsp//libhal_bsp.a(alt_find_file.o)
 .debug_aranges
                0x0000000000000530       0x20 ../projeto_final_bsp//libhal_bsp.a(alt_get_fd.o)
 .debug_aranges
                0x0000000000000550       0x20 ../projeto_final_bsp//libhal_bsp.a(alt_icache_flush.o)
 .debug_aranges
                0x0000000000000570       0x28 ../projeto_final_bsp//libhal_bsp.a(alt_instruction_exception_entry.o)
 .debug_aranges
                0x0000000000000598       0x20 /opt/Quartus/20.1/nios2eds/bin/gnu/H-x86_64-pc-linux-gnu/bin/../lib/gcc/nios2-elf/10.1.1/../../../../../H-x86_64-pc-linux-gnu/nios2-elf/lib/libsmallc.a(lib_a-exit.o)
 .debug_aranges
                0x00000000000005b8       0x18 /opt/Quartus/20.1/nios2eds/bin/gnu/H-x86_64-pc-linux-gnu/bin/../lib/gcc/nios2-elf/10.1.1/../../../../../H-x86_64-pc-linux-gnu/nios2-elf/lib/libsmallc.a(lib_a-int_errno.o)
 .debug_aranges
                0x00000000000005d0       0x20 /opt/Quartus/20.1/nios2eds/bin/gnu/H-x86_64-pc-linux-gnu/bin/../lib/gcc/nios2-elf/10.1.1/../../../../../H-x86_64-pc-linux-gnu/nios2-elf/lib/libsmallc.a(lib_a-memcmp.o)
 .debug_aranges
                0x00000000000005f0       0x28 /opt/Quartus/20.1/nios2eds/bin/gnu/H-x86_64-pc-linux-gnu/bin/../lib/gcc/nios2-elf/10.1.1/../../../../../H-x86_64-pc-linux-gnu/nios2-elf/lib/libsmallc.a(lib_a-putchar.o)
 .debug_aranges
                0x0000000000000618       0x20 /opt/Quartus/20.1/nios2eds/bin/gnu/H-x86_64-pc-linux-gnu/bin/../lib/gcc/nios2-elf/10.1.1/../../../../../H-x86_64-pc-linux-gnu/nios2-elf/lib/libsmallc.a(lib_a-__call_atexit.o)
 .debug_aranges
                0x0000000000000638       0x28 /opt/Quartus/20.1/nios2eds/bin/gnu/H-x86_64-pc-linux-gnu/bin/../lib/gcc/nios2-elf/10.1.1/../../../../../H-x86_64-pc-linux-gnu/nios2-elf/lib/libsmallc.a(lib_a-putc.o)
 .debug_aranges
                0x0000000000000660       0x20 /opt/Quartus/20.1/nios2eds/bin/gnu/H-x86_64-pc-linux-gnu/bin/../lib/gcc/nios2-elf/10.1.1/../../../../../H-x86_64-pc-linux-gnu/nios2-elf/lib/libsmallc.a(lib_a-fvwrite_small_dev.o)
 .debug_aranges
                0x0000000000000680       0x20 /opt/Quartus/20.1/nios2eds/bin/gnu/H-x86_64-pc-linux-gnu/bin/../lib/gcc/nios2-elf/10.1.1/../../../../../H-x86_64-pc-linux-gnu/nios2-elf/lib/libsmallc.a(lib_a-writer.o)
 .debug_aranges
                0x00000000000006a0       0x20 ../projeto_final_bsp//libhal_bsp.a(alt_exit.o)
 .debug_aranges
                0x00000000000006c0       0x20 ../projeto_final_bsp//libhal_bsp.a(alt_write.o)

.debug_pubnames
 *(.debug_pubnames)

.debug_info     0x0000000000000000     0xa0cd
 *(.debug_info .gnu.linkonce.wi.*)
 .debug_info    0x0000000000000000       0x22 ../projeto_final_bsp//obj/HAL/src/crt0.o
 .debug_info    0x0000000000000022      0x607 obj/default/projeto_final.o
 .debug_info    0x0000000000000629      0x882 /opt/Quartus/20.1/nios2eds/bin/gnu/H-x86_64-pc-linux-gnu/bin/../lib/gcc/nios2-elf/10.1.1/../../../../../H-x86_64-pc-linux-gnu/nios2-elf/lib/libsmallc.a(lib_a-sprintf.o)
 .debug_info    0x0000000000000eab       0xd0 /opt/Quartus/20.1/nios2eds/bin/gnu/H-x86_64-pc-linux-gnu/bin/../lib/gcc/nios2-elf/10.1.1/../../../../../H-x86_64-pc-linux-gnu/nios2-elf/lib/libsmallc.a(lib_a-strlen.o)
 .debug_info    0x0000000000000f7b      0xea3 /opt/Quartus/20.1/nios2eds/bin/gnu/H-x86_64-pc-linux-gnu/bin/../lib/gcc/nios2-elf/10.1.1/../../../../../H-x86_64-pc-linux-gnu/nios2-elf/lib/libsmallc.a(lib_a-svfprintf.o)
 .debug_info    0x0000000000001e1e      0x789 /opt/Quartus/20.1/nios2eds/bin/gnu/H-x86_64-pc-linux-gnu/bin/../lib/gcc/nios2-elf/10.1.1/../../../../../H-x86_64-pc-linux-gnu/nios2-elf/lib/libsmallc.a(lib_a-fvwrite_small_str.o)
 .debug_info    0x00000000000025a7      0x61e /opt/Quartus/20.1/nios2eds/bin/gnu/H-x86_64-pc-linux-gnu/bin/../lib/gcc/nios2-elf/10.1.1/../../../../../H-x86_64-pc-linux-gnu/nios2-elf/lib/libsmallc.a(lib_a-impure.o)
 .debug_info    0x0000000000002bc5      0x11b /opt/Quartus/20.1/nios2eds/bin/gnu/H-x86_64-pc-linux-gnu/bin/../lib/gcc/nios2-elf/10.1.1/../../../../../H-x86_64-pc-linux-gnu/nios2-elf/lib/libsmallc.a(lib_a-memmove.o)
 .debug_info    0x0000000000002ce0      0x368 /opt/Quartus/20.1/nios2eds/bin/gnu/H-x86_64-pc-linux-gnu/bin/../lib/gcc/nios2-elf/10.1.1/libgcc.a(lib2-divmod.o)
 .debug_info    0x0000000000003048      0x14d ../projeto_final_bsp//libhal_bsp.a(alt_load.o)
 .debug_info    0x0000000000003195       0xef ../projeto_final_bsp//libhal_bsp.a(alt_main.o)
 .debug_info    0x0000000000003284      0x125 ../projeto_final_bsp//libhal_bsp.a(alt_printf.o)
 .debug_info    0x00000000000033a9       0x9e ../projeto_final_bsp//libhal_bsp.a(alt_putchar.o)
 .debug_info    0x0000000000003447       0xb7 ../projeto_final_bsp//libhal_bsp.a(alt_usleep.o)
 .debug_info    0x00000000000034fe      0x400 ../projeto_final_bsp//libhal_bsp.a(alt_sys_init.o)
 .debug_info    0x00000000000038fe      0x398 ../projeto_final_bsp//libhal_bsp.a(altera_avalon_jtag_uart_fd.o)
 .debug_info    0x0000000000003c96      0x151 ../projeto_final_bsp//libhal_bsp.a(altera_avalon_jtag_uart_read.o)
 .debug_info    0x0000000000003de7      0x132 ../projeto_final_bsp//libhal_bsp.a(altera_avalon_jtag_uart_write.o)
 .debug_info    0x0000000000003f19      0x1d5 ../projeto_final_bsp//libhal_bsp.a(altera_avalon_timer_sc.o)
 .debug_info    0x00000000000040ee      0x61a ../projeto_final_bsp//libhal_bsp.a(altera_up_avalon_character_lcd.o)
 .debug_info    0x0000000000004708       0xd6 ../projeto_final_bsp//libhal_bsp.a(alt_busy_sleep.o)
 .debug_info    0x00000000000047de      0x32c ../projeto_final_bsp//libhal_bsp.a(alt_close.o)
 .debug_info    0x0000000000004b0a       0xa0 ../projeto_final_bsp//libhal_bsp.a(alt_dcache_flush_all.o)
 .debug_info    0x0000000000004baa      0x57d ../projeto_final_bsp//libhal_bsp.a(alt_dev.o)
 .debug_info    0x0000000000005127      0x1b0 ../projeto_final_bsp//libhal_bsp.a(alt_dev_llist_insert.o)
 .debug_info    0x00000000000052d7       0x9d ../projeto_final_bsp//libhal_bsp.a(alt_errno.o)
 .debug_info    0x0000000000005374      0x2ee ../projeto_final_bsp//libhal_bsp.a(alt_find_dev.o)
 .debug_info    0x0000000000005662       0x8c ../projeto_final_bsp//libhal_bsp.a(alt_icache_flush_all.o)
 .debug_info    0x00000000000056ee      0x32c ../projeto_final_bsp//libhal_bsp.a(alt_iic.o)
 .debug_info    0x0000000000005a1a      0x1f0 ../projeto_final_bsp//libhal_bsp.a(alt_iic_isr_register.o)
 .debug_info    0x0000000000005c0a      0x546 ../projeto_final_bsp//libhal_bsp.a(alt_io_redirect.o)
 .debug_info    0x0000000000006150       0x22 ../projeto_final_bsp//libhal_bsp.a(alt_irq_entry.o)
 .debug_info    0x0000000000006172      0x175 ../projeto_final_bsp//libhal_bsp.a(alt_irq_handler.o)
 .debug_info    0x00000000000062e7       0x8b ../projeto_final_bsp//libhal_bsp.a(alt_irq_vars.o)
 .debug_info    0x0000000000006372      0x3dd ../projeto_final_bsp//libhal_bsp.a(alt_open.o)
 .debug_info    0x000000000000674f      0x2b9 ../projeto_final_bsp//libhal_bsp.a(alt_release_fd.o)
 .debug_info    0x0000000000006a08      0x2bd ../projeto_final_bsp//libhal_bsp.a(alt_tick.o)
 .debug_info    0x0000000000006cc5       0x8c ../projeto_final_bsp//libhal_bsp.a(altera_nios2_gen2_irq.o)
 .debug_info    0x0000000000006d51       0x22 ../projeto_final_bsp//libhal_bsp.a(alt_exception_entry.o)
 .debug_info    0x0000000000006d73      0x2eb ../projeto_final_bsp//libhal_bsp.a(alt_find_file.o)
 .debug_info    0x000000000000705e      0x31c ../projeto_final_bsp//libhal_bsp.a(alt_get_fd.o)
 .debug_info    0x000000000000737a       0xdb ../projeto_final_bsp//libhal_bsp.a(alt_icache_flush.o)
 .debug_info    0x0000000000007455      0x1f1 ../projeto_final_bsp//libhal_bsp.a(alt_instruction_exception_entry.o)
 .debug_info    0x0000000000007646       0xe6 /opt/Quartus/20.1/nios2eds/bin/gnu/H-x86_64-pc-linux-gnu/bin/../lib/gcc/nios2-elf/10.1.1/../../../../../H-x86_64-pc-linux-gnu/nios2-elf/lib/libsmallc.a(lib_a-exit.o)
 .debug_info    0x000000000000772c       0x84 /opt/Quartus/20.1/nios2eds/bin/gnu/H-x86_64-pc-linux-gnu/bin/../lib/gcc/nios2-elf/10.1.1/../../../../../H-x86_64-pc-linux-gnu/nios2-elf/lib/libsmallc.a(lib_a-int_errno.o)
 .debug_info    0x00000000000077b0      0x100 /opt/Quartus/20.1/nios2eds/bin/gnu/H-x86_64-pc-linux-gnu/bin/../lib/gcc/nios2-elf/10.1.1/../../../../../H-x86_64-pc-linux-gnu/nios2-elf/lib/libsmallc.a(lib_a-memcmp.o)
 .debug_info    0x00000000000078b0      0x6a5 /opt/Quartus/20.1/nios2eds/bin/gnu/H-x86_64-pc-linux-gnu/bin/../lib/gcc/nios2-elf/10.1.1/../../../../../H-x86_64-pc-linux-gnu/nios2-elf/lib/libsmallc.a(lib_a-putchar.o)
 .debug_info    0x0000000000007f55      0x6e0 /opt/Quartus/20.1/nios2eds/bin/gnu/H-x86_64-pc-linux-gnu/bin/../lib/gcc/nios2-elf/10.1.1/../../../../../H-x86_64-pc-linux-gnu/nios2-elf/lib/libsmallc.a(lib_a-__call_atexit.o)
 .debug_info    0x0000000000008635      0x6f5 /opt/Quartus/20.1/nios2eds/bin/gnu/H-x86_64-pc-linux-gnu/bin/../lib/gcc/nios2-elf/10.1.1/../../../../../H-x86_64-pc-linux-gnu/nios2-elf/lib/libsmallc.a(lib_a-putc.o)
 .debug_info    0x0000000000008d2a      0x6b3 /opt/Quartus/20.1/nios2eds/bin/gnu/H-x86_64-pc-linux-gnu/bin/../lib/gcc/nios2-elf/10.1.1/../../../../../H-x86_64-pc-linux-gnu/nios2-elf/lib/libsmallc.a(lib_a-fvwrite_small_dev.o)
 .debug_info    0x00000000000093dd      0x6b3 /opt/Quartus/20.1/nios2eds/bin/gnu/H-x86_64-pc-linux-gnu/bin/../lib/gcc/nios2-elf/10.1.1/../../../../../H-x86_64-pc-linux-gnu/nios2-elf/lib/libsmallc.a(lib_a-writer.o)
 .debug_info    0x0000000000009a90       0xe1 ../projeto_final_bsp//libhal_bsp.a(alt_exit.o)
 .debug_info    0x0000000000009b71      0x55c ../projeto_final_bsp//libhal_bsp.a(alt_write.o)

.debug_abbrev   0x0000000000000000     0x3625
 *(.debug_abbrev)
 .debug_abbrev  0x0000000000000000       0x12 ../projeto_final_bsp//obj/HAL/src/crt0.o
 .debug_abbrev  0x0000000000000012      0x192 obj/default/projeto_final.o
 .debug_abbrev  0x00000000000001a4      0x22d /opt/Quartus/20.1/nios2eds/bin/gnu/H-x86_64-pc-linux-gnu/bin/../lib/gcc/nios2-elf/10.1.1/../../../../../H-x86_64-pc-linux-gnu/nios2-elf/lib/libsmallc.a(lib_a-sprintf.o)
 .debug_abbrev  0x00000000000003d1       0x8d /opt/Quartus/20.1/nios2eds/bin/gnu/H-x86_64-pc-linux-gnu/bin/../lib/gcc/nios2-elf/10.1.1/../../../../../H-x86_64-pc-linux-gnu/nios2-elf/lib/libsmallc.a(lib_a-strlen.o)
 .debug_abbrev  0x000000000000045e      0x2f7 /opt/Quartus/20.1/nios2eds/bin/gnu/H-x86_64-pc-linux-gnu/bin/../lib/gcc/nios2-elf/10.1.1/../../../../../H-x86_64-pc-linux-gnu/nios2-elf/lib/libsmallc.a(lib_a-svfprintf.o)
 .debug_abbrev  0x0000000000000755      0x1ed /opt/Quartus/20.1/nios2eds/bin/gnu/H-x86_64-pc-linux-gnu/bin/../lib/gcc/nios2-elf/10.1.1/../../../../../H-x86_64-pc-linux-gnu/nios2-elf/lib/libsmallc.a(lib_a-fvwrite_small_str.o)
 .debug_abbrev  0x0000000000000942      0x17a /opt/Quartus/20.1/nios2eds/bin/gnu/H-x86_64-pc-linux-gnu/bin/../lib/gcc/nios2-elf/10.1.1/../../../../../H-x86_64-pc-linux-gnu/nios2-elf/lib/libsmallc.a(lib_a-impure.o)
 .debug_abbrev  0x0000000000000abc       0x99 /opt/Quartus/20.1/nios2eds/bin/gnu/H-x86_64-pc-linux-gnu/bin/../lib/gcc/nios2-elf/10.1.1/../../../../../H-x86_64-pc-linux-gnu/nios2-elf/lib/libsmallc.a(lib_a-memmove.o)
 .debug_abbrev  0x0000000000000b55      0x103 /opt/Quartus/20.1/nios2eds/bin/gnu/H-x86_64-pc-linux-gnu/bin/../lib/gcc/nios2-elf/10.1.1/libgcc.a(lib2-divmod.o)
 .debug_abbrev  0x0000000000000c58       0xab ../projeto_final_bsp//libhal_bsp.a(alt_load.o)
 .debug_abbrev  0x0000000000000d03       0x86 ../projeto_final_bsp//libhal_bsp.a(alt_main.o)
 .debug_abbrev  0x0000000000000d89       0xba ../projeto_final_bsp//libhal_bsp.a(alt_printf.o)
 .debug_abbrev  0x0000000000000e43       0x57 ../projeto_final_bsp//libhal_bsp.a(alt_putchar.o)
 .debug_abbrev  0x0000000000000e9a       0x66 ../projeto_final_bsp//libhal_bsp.a(alt_usleep.o)
 .debug_abbrev  0x0000000000000f00      0x16c ../projeto_final_bsp//libhal_bsp.a(alt_sys_init.o)
 .debug_abbrev  0x000000000000106c      0x10b ../projeto_final_bsp//libhal_bsp.a(altera_avalon_jtag_uart_fd.o)
 .debug_abbrev  0x0000000000001177       0xcd ../projeto_final_bsp//libhal_bsp.a(altera_avalon_jtag_uart_read.o)
 .debug_abbrev  0x0000000000001244       0xcd ../projeto_final_bsp//libhal_bsp.a(altera_avalon_jtag_uart_write.o)
 .debug_abbrev  0x0000000000001311      0x14b ../projeto_final_bsp//libhal_bsp.a(altera_avalon_timer_sc.o)
 .debug_abbrev  0x000000000000145c      0x167 ../projeto_final_bsp//libhal_bsp.a(altera_up_avalon_character_lcd.o)
 .debug_abbrev  0x00000000000015c3       0x88 ../projeto_final_bsp//libhal_bsp.a(alt_busy_sleep.o)
 .debug_abbrev  0x000000000000164b      0x133 ../projeto_final_bsp//libhal_bsp.a(alt_close.o)
 .debug_abbrev  0x000000000000177e       0x5e ../projeto_final_bsp//libhal_bsp.a(alt_dcache_flush_all.o)
 .debug_abbrev  0x00000000000017dc      0x117 ../projeto_final_bsp//libhal_bsp.a(alt_dev.o)
 .debug_abbrev  0x00000000000018f3      0x12a ../projeto_final_bsp//libhal_bsp.a(alt_dev_llist_insert.o)
 .debug_abbrev  0x0000000000001a1d       0x5a ../projeto_final_bsp//libhal_bsp.a(alt_errno.o)
 .debug_abbrev  0x0000000000001a77       0xed ../projeto_final_bsp//libhal_bsp.a(alt_find_dev.o)
 .debug_abbrev  0x0000000000001b64       0x44 ../projeto_final_bsp//libhal_bsp.a(alt_icache_flush_all.o)
 .debug_abbrev  0x0000000000001ba8      0x189 ../projeto_final_bsp//libhal_bsp.a(alt_iic.o)
 .debug_abbrev  0x0000000000001d31      0x17c ../projeto_final_bsp//libhal_bsp.a(alt_iic_isr_register.o)
 .debug_abbrev  0x0000000000001ead      0x126 ../projeto_final_bsp//libhal_bsp.a(alt_io_redirect.o)
 .debug_abbrev  0x0000000000001fd3       0x12 ../projeto_final_bsp//libhal_bsp.a(alt_irq_entry.o)
 .debug_abbrev  0x0000000000001fe5      0x12d ../projeto_final_bsp//libhal_bsp.a(alt_irq_handler.o)
 .debug_abbrev  0x0000000000002112       0x44 ../projeto_final_bsp//libhal_bsp.a(alt_irq_vars.o)
 .debug_abbrev  0x0000000000002156      0x160 ../projeto_final_bsp//libhal_bsp.a(alt_open.o)
 .debug_abbrev  0x00000000000022b6       0xea ../projeto_final_bsp//libhal_bsp.a(alt_release_fd.o)
 .debug_abbrev  0x00000000000023a0      0x17a ../projeto_final_bsp//libhal_bsp.a(alt_tick.o)
 .debug_abbrev  0x000000000000251a       0x44 ../projeto_final_bsp//libhal_bsp.a(altera_nios2_gen2_irq.o)
 .debug_abbrev  0x000000000000255e       0x12 ../projeto_final_bsp//libhal_bsp.a(alt_exception_entry.o)
 .debug_abbrev  0x0000000000002570      0x100 ../projeto_final_bsp//libhal_bsp.a(alt_find_file.o)
 .debug_abbrev  0x0000000000002670      0x121 ../projeto_final_bsp//libhal_bsp.a(alt_get_fd.o)
 .debug_abbrev  0x0000000000002791       0x96 ../projeto_final_bsp//libhal_bsp.a(alt_icache_flush.o)
 .debug_abbrev  0x0000000000002827       0xea ../projeto_final_bsp//libhal_bsp.a(alt_instruction_exception_entry.o)
 .debug_abbrev  0x0000000000002911       0x94 /opt/Quartus/20.1/nios2eds/bin/gnu/H-x86_64-pc-linux-gnu/bin/../lib/gcc/nios2-elf/10.1.1/../../../../../H-x86_64-pc-linux-gnu/nios2-elf/lib/libsmallc.a(lib_a-exit.o)
 .debug_abbrev  0x00000000000029a5       0x39 /opt/Quartus/20.1/nios2eds/bin/gnu/H-x86_64-pc-linux-gnu/bin/../lib/gcc/nios2-elf/10.1.1/../../../../../H-x86_64-pc-linux-gnu/nios2-elf/lib/libsmallc.a(lib_a-int_errno.o)
 .debug_abbrev  0x00000000000029de       0x9e /opt/Quartus/20.1/nios2eds/bin/gnu/H-x86_64-pc-linux-gnu/bin/../lib/gcc/nios2-elf/10.1.1/../../../../../H-x86_64-pc-linux-gnu/nios2-elf/lib/libsmallc.a(lib_a-memcmp.o)
 .debug_abbrev  0x0000000000002a7c      0x1f5 /opt/Quartus/20.1/nios2eds/bin/gnu/H-x86_64-pc-linux-gnu/bin/../lib/gcc/nios2-elf/10.1.1/../../../../../H-x86_64-pc-linux-gnu/nios2-elf/lib/libsmallc.a(lib_a-putchar.o)
 .debug_abbrev  0x0000000000002c71      0x20a /opt/Quartus/20.1/nios2eds/bin/gnu/H-x86_64-pc-linux-gnu/bin/../lib/gcc/nios2-elf/10.1.1/../../../../../H-x86_64-pc-linux-gnu/nios2-elf/lib/libsmallc.a(lib_a-__call_atexit.o)
 .debug_abbrev  0x0000000000002e7b      0x1ef /opt/Quartus/20.1/nios2eds/bin/gnu/H-x86_64-pc-linux-gnu/bin/../lib/gcc/nios2-elf/10.1.1/../../../../../H-x86_64-pc-linux-gnu/nios2-elf/lib/libsmallc.a(lib_a-putc.o)
 .debug_abbrev  0x000000000000306a      0x1ed /opt/Quartus/20.1/nios2eds/bin/gnu/H-x86_64-pc-linux-gnu/bin/../lib/gcc/nios2-elf/10.1.1/../../../../../H-x86_64-pc-linux-gnu/nios2-elf/lib/libsmallc.a(lib_a-fvwrite_small_dev.o)
 .debug_abbrev  0x0000000000003257      0x1d9 /opt/Quartus/20.1/nios2eds/bin/gnu/H-x86_64-pc-linux-gnu/bin/../lib/gcc/nios2-elf/10.1.1/../../../../../H-x86_64-pc-linux-gnu/nios2-elf/lib/libsmallc.a(lib_a-writer.o)
 .debug_abbrev  0x0000000000003430       0xac ../projeto_final_bsp//libhal_bsp.a(alt_exit.o)
 .debug_abbrev  0x00000000000034dc      0x149 ../projeto_final_bsp//libhal_bsp.a(alt_write.o)

.debug_line     0x0000000000000000     0x48db
 *(.debug_line)
 .debug_line    0x0000000000000000       0x72 ../projeto_final_bsp//obj/HAL/src/crt0.o
 .debug_line    0x0000000000000072      0x358 obj/default/projeto_final.o
 .debug_line    0x00000000000003ca      0x291 /opt/Quartus/20.1/nios2eds/bin/gnu/H-x86_64-pc-linux-gnu/bin/../lib/gcc/nios2-elf/10.1.1/../../../../../H-x86_64-pc-linux-gnu/nios2-elf/lib/libsmallc.a(lib_a-sprintf.o)
 .debug_line    0x000000000000065b      0x17a /opt/Quartus/20.1/nios2eds/bin/gnu/H-x86_64-pc-linux-gnu/bin/../lib/gcc/nios2-elf/10.1.1/../../../../../H-x86_64-pc-linux-gnu/nios2-elf/lib/libsmallc.a(lib_a-strlen.o)
 .debug_line    0x00000000000007d5      0x736 /opt/Quartus/20.1/nios2eds/bin/gnu/H-x86_64-pc-linux-gnu/bin/../lib/gcc/nios2-elf/10.1.1/../../../../../H-x86_64-pc-linux-gnu/nios2-elf/lib/libsmallc.a(lib_a-svfprintf.o)
 .debug_line    0x0000000000000f0b      0x255 /opt/Quartus/20.1/nios2eds/bin/gnu/H-x86_64-pc-linux-gnu/bin/../lib/gcc/nios2-elf/10.1.1/../../../../../H-x86_64-pc-linux-gnu/nios2-elf/lib/libsmallc.a(lib_a-fvwrite_small_str.o)
 .debug_line    0x0000000000001160      0x15a /opt/Quartus/20.1/nios2eds/bin/gnu/H-x86_64-pc-linux-gnu/bin/../lib/gcc/nios2-elf/10.1.1/../../../../../H-x86_64-pc-linux-gnu/nios2-elf/lib/libsmallc.a(lib_a-impure.o)
 .debug_line    0x00000000000012ba      0x1ac /opt/Quartus/20.1/nios2eds/bin/gnu/H-x86_64-pc-linux-gnu/bin/../lib/gcc/nios2-elf/10.1.1/../../../../../H-x86_64-pc-linux-gnu/nios2-elf/lib/libsmallc.a(lib_a-memmove.o)
 .debug_line    0x0000000000001466      0x303 /opt/Quartus/20.1/nios2eds/bin/gnu/H-x86_64-pc-linux-gnu/bin/../lib/gcc/nios2-elf/10.1.1/libgcc.a(lib2-divmod.o)
 .debug_line    0x0000000000001769       0xa6 ../projeto_final_bsp//libhal_bsp.a(alt_load.o)
 .debug_line    0x000000000000180f       0x7d ../projeto_final_bsp//libhal_bsp.a(alt_main.o)
 .debug_line    0x000000000000188c      0x152 ../projeto_final_bsp//libhal_bsp.a(alt_printf.o)
 .debug_line    0x00000000000019de       0x50 ../projeto_final_bsp//libhal_bsp.a(alt_putchar.o)
 .debug_line    0x0000000000001a2e       0xbf ../projeto_final_bsp//libhal_bsp.a(alt_usleep.o)
 .debug_line    0x0000000000001aed      0x14f ../projeto_final_bsp//libhal_bsp.a(alt_sys_init.o)
 .debug_line    0x0000000000001c3c      0x102 ../projeto_final_bsp//libhal_bsp.a(altera_avalon_jtag_uart_fd.o)
 .debug_line    0x0000000000001d3e       0xe8 ../projeto_final_bsp//libhal_bsp.a(altera_avalon_jtag_uart_read.o)
 .debug_line    0x0000000000001e26       0xc6 ../projeto_final_bsp//libhal_bsp.a(altera_avalon_jtag_uart_write.o)
 .debug_line    0x0000000000001eec       0xfd ../projeto_final_bsp//libhal_bsp.a(altera_avalon_timer_sc.o)
 .debug_line    0x0000000000001fe9      0x23e ../projeto_final_bsp//libhal_bsp.a(altera_up_avalon_character_lcd.o)
 .debug_line    0x0000000000002227       0xe1 ../projeto_final_bsp//libhal_bsp.a(alt_busy_sleep.o)
 .debug_line    0x0000000000002308      0x1ac ../projeto_final_bsp//libhal_bsp.a(alt_close.o)
 .debug_line    0x00000000000024b4       0x6e ../projeto_final_bsp//libhal_bsp.a(alt_dcache_flush_all.o)
 .debug_line    0x0000000000002522      0x19f ../projeto_final_bsp//libhal_bsp.a(alt_dev.o)
 .debug_line    0x00000000000026c1      0x106 ../projeto_final_bsp//libhal_bsp.a(alt_dev_llist_insert.o)
 .debug_line    0x00000000000027c7       0x51 ../projeto_final_bsp//libhal_bsp.a(alt_errno.o)
 .debug_line    0x0000000000002818       0xb8 ../projeto_final_bsp//libhal_bsp.a(alt_find_dev.o)
 .debug_line    0x00000000000028d0       0x56 ../projeto_final_bsp//libhal_bsp.a(alt_icache_flush_all.o)
 .debug_line    0x0000000000002926      0x123 ../projeto_final_bsp//libhal_bsp.a(alt_iic.o)
 .debug_line    0x0000000000002a49       0xfc ../projeto_final_bsp//libhal_bsp.a(alt_iic_isr_register.o)
 .debug_line    0x0000000000002b45      0x1d2 ../projeto_final_bsp//libhal_bsp.a(alt_io_redirect.o)
 .debug_line    0x0000000000002d17       0x6b ../projeto_final_bsp//libhal_bsp.a(alt_irq_entry.o)
 .debug_line    0x0000000000002d82       0xd4 ../projeto_final_bsp//libhal_bsp.a(alt_irq_handler.o)
 .debug_line    0x0000000000002e56       0x50 ../projeto_final_bsp//libhal_bsp.a(alt_irq_vars.o)
 .debug_line    0x0000000000002ea6      0x1a0 ../projeto_final_bsp//libhal_bsp.a(alt_open.o)
 .debug_line    0x0000000000003046       0xb6 ../projeto_final_bsp//libhal_bsp.a(alt_release_fd.o)
 .debug_line    0x00000000000030fc      0x160 ../projeto_final_bsp//libhal_bsp.a(alt_tick.o)
 .debug_line    0x000000000000325c       0x57 ../projeto_final_bsp//libhal_bsp.a(altera_nios2_gen2_irq.o)
 .debug_line    0x00000000000032b3       0xb3 ../projeto_final_bsp//libhal_bsp.a(alt_exception_entry.o)
 .debug_line    0x0000000000003366      0x103 ../projeto_final_bsp//libhal_bsp.a(alt_find_file.o)
 .debug_line    0x0000000000003469       0xfa ../projeto_final_bsp//libhal_bsp.a(alt_get_fd.o)
 .debug_line    0x0000000000003563       0xa0 ../projeto_final_bsp//libhal_bsp.a(alt_icache_flush.o)
 .debug_line    0x0000000000003603       0xd9 ../projeto_final_bsp//libhal_bsp.a(alt_instruction_exception_entry.o)
 .debug_line    0x00000000000036dc      0x172 /opt/Quartus/20.1/nios2eds/bin/gnu/H-x86_64-pc-linux-gnu/bin/../lib/gcc/nios2-elf/10.1.1/../../../../../H-x86_64-pc-linux-gnu/nios2-elf/lib/libsmallc.a(lib_a-exit.o)
 .debug_line    0x000000000000384e       0x5e /opt/Quartus/20.1/nios2eds/bin/gnu/H-x86_64-pc-linux-gnu/bin/../lib/gcc/nios2-elf/10.1.1/../../../../../H-x86_64-pc-linux-gnu/nios2-elf/lib/libsmallc.a(lib_a-int_errno.o)
 .debug_line    0x00000000000038ac      0x18f /opt/Quartus/20.1/nios2eds/bin/gnu/H-x86_64-pc-linux-gnu/bin/../lib/gcc/nios2-elf/10.1.1/../../../../../H-x86_64-pc-linux-gnu/nios2-elf/lib/libsmallc.a(lib_a-memcmp.o)
 .debug_line    0x0000000000003a3b      0x213 /opt/Quartus/20.1/nios2eds/bin/gnu/H-x86_64-pc-linux-gnu/bin/../lib/gcc/nios2-elf/10.1.1/../../../../../H-x86_64-pc-linux-gnu/nios2-elf/lib/libsmallc.a(lib_a-putchar.o)
 .debug_line    0x0000000000003c4e      0x28e /opt/Quartus/20.1/nios2eds/bin/gnu/H-x86_64-pc-linux-gnu/bin/../lib/gcc/nios2-elf/10.1.1/../../../../../H-x86_64-pc-linux-gnu/nios2-elf/lib/libsmallc.a(lib_a-__call_atexit.o)
 .debug_line    0x0000000000003edc      0x259 /opt/Quartus/20.1/nios2eds/bin/gnu/H-x86_64-pc-linux-gnu/bin/../lib/gcc/nios2-elf/10.1.1/../../../../../H-x86_64-pc-linux-gnu/nios2-elf/lib/libsmallc.a(lib_a-putc.o)
 .debug_line    0x0000000000004135      0x250 /opt/Quartus/20.1/nios2eds/bin/gnu/H-x86_64-pc-linux-gnu/bin/../lib/gcc/nios2-elf/10.1.1/../../../../../H-x86_64-pc-linux-gnu/nios2-elf/lib/libsmallc.a(lib_a-fvwrite_small_dev.o)
 .debug_line    0x0000000000004385      0x223 /opt/Quartus/20.1/nios2eds/bin/gnu/H-x86_64-pc-linux-gnu/bin/../lib/gcc/nios2-elf/10.1.1/../../../../../H-x86_64-pc-linux-gnu/nios2-elf/lib/libsmallc.a(lib_a-writer.o)
 .debug_line    0x00000000000045a8       0x85 ../projeto_final_bsp//libhal_bsp.a(alt_exit.o)
 .debug_line    0x000000000000462d      0x2ae ../projeto_final_bsp//libhal_bsp.a(alt_write.o)

.debug_frame    0x0000000000000000      0xfa4
 *(.debug_frame)
 .debug_frame   0x0000000000000000      0x184 obj/default/projeto_final.o
 .debug_frame   0x0000000000000184       0x48 /opt/Quartus/20.1/nios2eds/bin/gnu/H-x86_64-pc-linux-gnu/bin/../lib/gcc/nios2-elf/10.1.1/../../../../../H-x86_64-pc-linux-gnu/nios2-elf/lib/libsmallc.a(lib_a-sprintf.o)
 .debug_frame   0x00000000000001cc       0x20 /opt/Quartus/20.1/nios2eds/bin/gnu/H-x86_64-pc-linux-gnu/bin/../lib/gcc/nios2-elf/10.1.1/../../../../../H-x86_64-pc-linux-gnu/nios2-elf/lib/libsmallc.a(lib_a-strlen.o)
 .debug_frame   0x00000000000001ec       0x90 /opt/Quartus/20.1/nios2eds/bin/gnu/H-x86_64-pc-linux-gnu/bin/../lib/gcc/nios2-elf/10.1.1/../../../../../H-x86_64-pc-linux-gnu/nios2-elf/lib/libsmallc.a(lib_a-svfprintf.o)
 .debug_frame   0x000000000000027c       0x38 /opt/Quartus/20.1/nios2eds/bin/gnu/H-x86_64-pc-linux-gnu/bin/../lib/gcc/nios2-elf/10.1.1/../../../../../H-x86_64-pc-linux-gnu/nios2-elf/lib/libsmallc.a(lib_a-fvwrite_small_str.o)
 .debug_frame   0x00000000000002b4       0x20 /opt/Quartus/20.1/nios2eds/bin/gnu/H-x86_64-pc-linux-gnu/bin/../lib/gcc/nios2-elf/10.1.1/../../../../../H-x86_64-pc-linux-gnu/nios2-elf/lib/libsmallc.a(lib_a-memmove.o)
 .debug_frame   0x00000000000002d4       0x50 /opt/Quartus/20.1/nios2eds/bin/gnu/H-x86_64-pc-linux-gnu/bin/../lib/gcc/nios2-elf/10.1.1/libgcc.a(lib2-divmod.o)
 .debug_frame   0x0000000000000324       0x5c ../projeto_final_bsp//libhal_bsp.a(alt_load.o)
 .debug_frame   0x0000000000000380       0x2c ../projeto_final_bsp//libhal_bsp.a(alt_main.o)
 .debug_frame   0x00000000000003ac       0x38 ../projeto_final_bsp//libhal_bsp.a(alt_printf.o)
 .debug_frame   0x00000000000003e4       0x38 ../projeto_final_bsp//libhal_bsp.a(alt_putchar.o)
 .debug_frame   0x000000000000041c       0x38 ../projeto_final_bsp//libhal_bsp.a(alt_usleep.o)
 .debug_frame   0x0000000000000454       0x88 ../projeto_final_bsp//libhal_bsp.a(alt_sys_init.o)
 .debug_frame   0x00000000000004dc       0x60 ../projeto_final_bsp//libhal_bsp.a(altera_avalon_jtag_uart_fd.o)
 .debug_frame   0x000000000000053c       0x34 ../projeto_final_bsp//libhal_bsp.a(altera_avalon_jtag_uart_read.o)
 .debug_frame   0x0000000000000570       0x34 ../projeto_final_bsp//libhal_bsp.a(altera_avalon_jtag_uart_write.o)
 .debug_frame   0x00000000000005a4       0x60 ../projeto_final_bsp//libhal_bsp.a(altera_avalon_timer_sc.o)
 .debug_frame   0x0000000000000604      0x204 ../projeto_final_bsp//libhal_bsp.a(altera_up_avalon_character_lcd.o)
 .debug_frame   0x0000000000000808       0x38 ../projeto_final_bsp//libhal_bsp.a(alt_busy_sleep.o)
 .debug_frame   0x0000000000000840       0x60 ../projeto_final_bsp//libhal_bsp.a(alt_close.o)
 .debug_frame   0x00000000000008a0       0x34 ../projeto_final_bsp//libhal_bsp.a(alt_dcache_flush_all.o)
 .debug_frame   0x00000000000008d4       0x34 ../projeto_final_bsp//libhal_bsp.a(alt_dev.o)
 .debug_frame   0x0000000000000908       0x60 ../projeto_final_bsp//libhal_bsp.a(alt_dev_llist_insert.o)
 .debug_frame   0x0000000000000968       0x38 ../projeto_final_bsp//libhal_bsp.a(alt_find_dev.o)
 .debug_frame   0x00000000000009a0       0x38 ../projeto_final_bsp//libhal_bsp.a(alt_icache_flush_all.o)
 .debug_frame   0x00000000000009d8       0xa4 ../projeto_final_bsp//libhal_bsp.a(alt_iic.o)
 .debug_frame   0x0000000000000a7c       0x38 ../projeto_final_bsp//libhal_bsp.a(alt_iic_isr_register.o)
 .debug_frame   0x0000000000000ab4       0x60 ../projeto_final_bsp//libhal_bsp.a(alt_io_redirect.o)
 .debug_frame   0x0000000000000b14       0x38 ../projeto_final_bsp//libhal_bsp.a(alt_irq_handler.o)
 .debug_frame   0x0000000000000b4c       0x84 ../projeto_final_bsp//libhal_bsp.a(alt_open.o)
 .debug_frame   0x0000000000000bd0       0x34 ../projeto_final_bsp//libhal_bsp.a(alt_release_fd.o)
 .debug_frame   0x0000000000000c04       0x5c ../projeto_final_bsp//libhal_bsp.a(alt_tick.o)
 .debug_frame   0x0000000000000c60       0x34 ../projeto_final_bsp//libhal_bsp.a(altera_nios2_gen2_irq.o)
 .debug_frame   0x0000000000000c94       0x38 ../projeto_final_bsp//libhal_bsp.a(alt_find_file.o)
 .debug_frame   0x0000000000000ccc       0x34 ../projeto_final_bsp//libhal_bsp.a(alt_get_fd.o)
 .debug_frame   0x0000000000000d00       0x34 ../projeto_final_bsp//libhal_bsp.a(alt_icache_flush.o)
 .debug_frame   0x0000000000000d34       0x5c ../projeto_final_bsp//libhal_bsp.a(alt_instruction_exception_entry.o)
 .debug_frame   0x0000000000000d90       0x28 /opt/Quartus/20.1/nios2eds/bin/gnu/H-x86_64-pc-linux-gnu/bin/../lib/gcc/nios2-elf/10.1.1/../../../../../H-x86_64-pc-linux-gnu/nios2-elf/lib/libsmallc.a(lib_a-exit.o)
 .debug_frame   0x0000000000000db8       0x20 /opt/Quartus/20.1/nios2eds/bin/gnu/H-x86_64-pc-linux-gnu/bin/../lib/gcc/nios2-elf/10.1.1/../../../../../H-x86_64-pc-linux-gnu/nios2-elf/lib/libsmallc.a(lib_a-memcmp.o)
 .debug_frame   0x0000000000000dd8       0x30 /opt/Quartus/20.1/nios2eds/bin/gnu/H-x86_64-pc-linux-gnu/bin/../lib/gcc/nios2-elf/10.1.1/../../../../../H-x86_64-pc-linux-gnu/nios2-elf/lib/libsmallc.a(lib_a-putchar.o)
 .debug_frame   0x0000000000000e08       0x54 /opt/Quartus/20.1/nios2eds/bin/gnu/H-x86_64-pc-linux-gnu/bin/../lib/gcc/nios2-elf/10.1.1/../../../../../H-x86_64-pc-linux-gnu/nios2-elf/lib/libsmallc.a(lib_a-__call_atexit.o)
 .debug_frame   0x0000000000000e5c       0x50 /opt/Quartus/20.1/nios2eds/bin/gnu/H-x86_64-pc-linux-gnu/bin/../lib/gcc/nios2-elf/10.1.1/../../../../../H-x86_64-pc-linux-gnu/nios2-elf/lib/libsmallc.a(lib_a-putc.o)
 .debug_frame   0x0000000000000eac       0x3c /opt/Quartus/20.1/nios2eds/bin/gnu/H-x86_64-pc-linux-gnu/bin/../lib/gcc/nios2-elf/10.1.1/../../../../../H-x86_64-pc-linux-gnu/nios2-elf/lib/libsmallc.a(lib_a-fvwrite_small_dev.o)
 .debug_frame   0x0000000000000ee8       0x30 /opt/Quartus/20.1/nios2eds/bin/gnu/H-x86_64-pc-linux-gnu/bin/../lib/gcc/nios2-elf/10.1.1/../../../../../H-x86_64-pc-linux-gnu/nios2-elf/lib/libsmallc.a(lib_a-writer.o)
 .debug_frame   0x0000000000000f18       0x2c ../projeto_final_bsp//libhal_bsp.a(alt_exit.o)
 .debug_frame   0x0000000000000f44       0x60 ../projeto_final_bsp//libhal_bsp.a(alt_write.o)

.debug_str      0x0000000000000000     0x22b1
 *(.debug_str)
 .debug_str     0x0000000000000000       0x7f ../projeto_final_bsp//obj/HAL/src/crt0.o
 .debug_str     0x000000000000007f      0x2bc obj/default/projeto_final.o
                                        0x344 (size before relaxing)
 .debug_str     0x000000000000033b      0x437 /opt/Quartus/20.1/nios2eds/bin/gnu/H-x86_64-pc-linux-gnu/bin/../lib/gcc/nios2-elf/10.1.1/../../../../../H-x86_64-pc-linux-gnu/nios2-elf/lib/libsmallc.a(lib_a-sprintf.o)
                                        0x51a (size before relaxing)
 .debug_str     0x0000000000000772       0xcf /opt/Quartus/20.1/nios2eds/bin/gnu/H-x86_64-pc-linux-gnu/bin/../lib/gcc/nios2-elf/10.1.1/../../../../../H-x86_64-pc-linux-gnu/nios2-elf/lib/libsmallc.a(lib_a-strlen.o)
                                        0x1c3 (size before relaxing)
 .debug_str     0x0000000000000841      0x2f0 /opt/Quartus/20.1/nios2eds/bin/gnu/H-x86_64-pc-linux-gnu/bin/../lib/gcc/nios2-elf/10.1.1/../../../../../H-x86_64-pc-linux-gnu/nios2-elf/lib/libsmallc.a(lib_a-svfprintf.o)
                                        0x857 (size before relaxing)
 .debug_str     0x0000000000000b31       0x63 /opt/Quartus/20.1/nios2eds/bin/gnu/H-x86_64-pc-linux-gnu/bin/../lib/gcc/nios2-elf/10.1.1/../../../../../H-x86_64-pc-linux-gnu/nios2-elf/lib/libsmallc.a(lib_a-fvwrite_small_str.o)
                                        0x4e8 (size before relaxing)
 .debug_str     0x0000000000000b94       0xe5 /opt/Quartus/20.1/nios2eds/bin/gnu/H-x86_64-pc-linux-gnu/bin/../lib/gcc/nios2-elf/10.1.1/../../../../../H-x86_64-pc-linux-gnu/nios2-elf/lib/libsmallc.a(lib_a-impure.o)
                                        0x4af (size before relaxing)
 .debug_str     0x0000000000000c79       0x56 /opt/Quartus/20.1/nios2eds/bin/gnu/H-x86_64-pc-linux-gnu/bin/../lib/gcc/nios2-elf/10.1.1/../../../../../H-x86_64-pc-linux-gnu/nios2-elf/lib/libsmallc.a(lib_a-memmove.o)
                                        0x1d8 (size before relaxing)
 .debug_str     0x0000000000000ccf      0x172 /opt/Quartus/20.1/nios2eds/bin/gnu/H-x86_64-pc-linux-gnu/bin/../lib/gcc/nios2-elf/10.1.1/libgcc.a(lib2-divmod.o)
                                        0x1c7 (size before relaxing)
 .debug_str     0x0000000000000e41       0xf1 ../projeto_final_bsp//libhal_bsp.a(alt_load.o)
                                        0x237 (size before relaxing)
 .debug_str     0x0000000000000f32       0x44 ../projeto_final_bsp//libhal_bsp.a(alt_main.o)
                                        0x191 (size before relaxing)
 .debug_str     0x0000000000000f76       0x21 ../projeto_final_bsp//libhal_bsp.a(alt_printf.o)
                                        0x128 (size before relaxing)
 .debug_str     0x0000000000000f97       0x22 ../projeto_final_bsp//libhal_bsp.a(alt_putchar.o)
                                        0x168 (size before relaxing)
 .debug_str     0x0000000000000fb9       0x29 ../projeto_final_bsp//libhal_bsp.a(alt_usleep.o)
                                        0x17a (size before relaxing)
 .debug_str     0x0000000000000fe2       0xf9 ../projeto_final_bsp//libhal_bsp.a(alt_sys_init.o)
                                        0x2f6 (size before relaxing)
 .debug_str     0x00000000000010db       0x71 ../projeto_final_bsp//libhal_bsp.a(altera_avalon_jtag_uart_fd.o)
                                        0x2d3 (size before relaxing)
 .debug_str     0x000000000000114c       0x48 ../projeto_final_bsp//libhal_bsp.a(altera_avalon_jtag_uart_read.o)
                                        0x1f0 (size before relaxing)
 .debug_str     0x0000000000001194       0x4a ../projeto_final_bsp//libhal_bsp.a(altera_avalon_jtag_uart_write.o)
                                        0x1e6 (size before relaxing)
 .debug_str     0x00000000000011de       0xca ../projeto_final_bsp//libhal_bsp.a(altera_avalon_timer_sc.o)
                                        0x233 (size before relaxing)
 .debug_str     0x00000000000012a8      0x1ea ../projeto_final_bsp//libhal_bsp.a(altera_up_avalon_character_lcd.o)
                                        0x3f3 (size before relaxing)
 .debug_str     0x0000000000001492       0x42 ../projeto_final_bsp//libhal_bsp.a(alt_busy_sleep.o)
                                        0x190 (size before relaxing)
 .debug_str     0x00000000000014d4       0x44 ../projeto_final_bsp//libhal_bsp.a(alt_close.o)
                                        0x223 (size before relaxing)
 .debug_str     0x0000000000001518       0x34 ../projeto_final_bsp//libhal_bsp.a(alt_dcache_flush_all.o)
                                        0x17a (size before relaxing)
 .debug_str     0x000000000000154c      0x150 ../projeto_final_bsp//libhal_bsp.a(alt_dev.o)
                                        0x389 (size before relaxing)
 .debug_str     0x000000000000169c       0x45 ../projeto_final_bsp//libhal_bsp.a(alt_dev_llist_insert.o)
                                        0x1f1 (size before relaxing)
 .debug_str     0x00000000000016e1       0x14 ../projeto_final_bsp//libhal_bsp.a(alt_errno.o)
                                        0x164 (size before relaxing)
 .debug_str     0x00000000000016f5       0x24 ../projeto_final_bsp//libhal_bsp.a(alt_find_dev.o)
                                        0x204 (size before relaxing)
 .debug_str     0x0000000000001719       0x34 ../projeto_final_bsp//libhal_bsp.a(alt_icache_flush_all.o)
                                        0x17a (size before relaxing)
 .debug_str     0x000000000000174d       0xb2 ../projeto_final_bsp//libhal_bsp.a(alt_iic.o)
                                        0x251 (size before relaxing)
 .debug_str     0x00000000000017ff       0x4c ../projeto_final_bsp//libhal_bsp.a(alt_iic_isr_register.o)
                                        0x20d (size before relaxing)
 .debug_str     0x000000000000184b       0x56 ../projeto_final_bsp//libhal_bsp.a(alt_io_redirect.o)
                                        0x38d (size before relaxing)
 .debug_str     0x00000000000018a1       0x18 ../projeto_final_bsp//libhal_bsp.a(alt_irq_entry.o)
                                         0x88 (size before relaxing)
 .debug_str     0x00000000000018b9       0x3a ../projeto_final_bsp//libhal_bsp.a(alt_irq_handler.o)
                                        0x1bc (size before relaxing)
 .debug_str     0x00000000000018f3       0x29 ../projeto_final_bsp//libhal_bsp.a(alt_irq_vars.o)
                                        0x168 (size before relaxing)
 .debug_str     0x000000000000191c       0x2f ../projeto_final_bsp//libhal_bsp.a(alt_open.o)
                                        0x270 (size before relaxing)
 .debug_str     0x000000000000194b       0x28 ../projeto_final_bsp//libhal_bsp.a(alt_release_fd.o)
                                        0x1f4 (size before relaxing)
 .debug_str     0x0000000000001973       0x89 ../projeto_final_bsp//libhal_bsp.a(alt_tick.o)
                                        0x277 (size before relaxing)
 .debug_str     0x00000000000019fc       0x3b ../projeto_final_bsp//libhal_bsp.a(altera_nios2_gen2_irq.o)
                                        0x181 (size before relaxing)
 .debug_str     0x0000000000001a37       0x1e ../projeto_final_bsp//libhal_bsp.a(alt_exception_entry.o)
                                         0x8e (size before relaxing)
 .debug_str     0x0000000000001a55       0x26 ../projeto_final_bsp//libhal_bsp.a(alt_find_file.o)
                                        0x212 (size before relaxing)
 .debug_str     0x0000000000001a7b       0x30 ../projeto_final_bsp//libhal_bsp.a(alt_get_fd.o)
                                        0x234 (size before relaxing)
 .debug_str     0x0000000000001aab       0x2c ../projeto_final_bsp//libhal_bsp.a(alt_icache_flush.o)
                                        0x180 (size before relaxing)
 .debug_str     0x0000000000001ad7      0x48b ../projeto_final_bsp//libhal_bsp.a(alt_instruction_exception_entry.o)
                                        0x5ce (size before relaxing)
 .debug_str     0x0000000000001f62       0xd7 /opt/Quartus/20.1/nios2eds/bin/gnu/H-x86_64-pc-linux-gnu/bin/../lib/gcc/nios2-elf/10.1.1/../../../../../H-x86_64-pc-linux-gnu/nios2-elf/lib/libsmallc.a(lib_a-exit.o)
                                        0x1ce (size before relaxing)
 .debug_str     0x0000000000002039       0x3e /opt/Quartus/20.1/nios2eds/bin/gnu/H-x86_64-pc-linux-gnu/bin/../lib/gcc/nios2-elf/10.1.1/../../../../../H-x86_64-pc-linux-gnu/nios2-elf/lib/libsmallc.a(lib_a-int_errno.o)
                                        0x1b6 (size before relaxing)